2024-03-04T01:42:19.063835+00:00 jozette-VirtualBox kernel: [    0.000000] Linux version 6.2.0-39-generic (buildd@bos03-amd64-014) (x86_64-linux-gnu-gcc-12 (Ubuntu 12.3.0-1ubuntu1~23.04) 12.3.0, GNU ld (GNU Binutils for Ubuntu) 2.40) #40-Ubuntu SMP PREEMPT_DYNAMIC Tue Nov 14 14:18:00 UTC 2023 (Ubuntu 6.2.0-39.40-generic 6.2.16)
2024-03-04T01:42:19.063936+00:00 jozette-VirtualBox kernel: [    0.000000] Command line: BOOT_IMAGE=/boot/vmlinuz-6.2.0-39-generic root=UUID=3a04634f-2375-4ca4-ac85-a5915e3c2859 ro quiet splash
2024-03-04T01:42:19.063938+00:00 jozette-VirtualBox kernel: [    0.000000] KERNEL supported cpus:
2024-03-04T01:42:19.063938+00:00 jozette-VirtualBox kernel: [    0.000000]   Intel GenuineIntel
2024-03-04T01:42:19.063939+00:00 jozette-VirtualBox kernel: [    0.000000]   AMD AuthenticAMD
2024-03-04T01:42:19.063939+00:00 jozette-VirtualBox kernel: [    0.000000]   Hygon HygonGenuine
2024-03-04T01:42:19.063940+00:00 jozette-VirtualBox kernel: [    0.000000]   Centaur CentaurHauls
2024-03-04T01:42:19.063949+00:00 jozette-VirtualBox kernel: [    0.000000]   zhaoxin   Shanghai  
2024-03-04T01:42:19.063950+00:00 jozette-VirtualBox kernel: [    0.000000] BIOS-provided physical RAM map:
2024-03-04T01:42:19.063950+00:00 jozette-VirtualBox kernel: [    0.000000] BIOS-e820: [mem 0x0000000000000000-0x000000000009fbff] usable
2024-03-04T01:42:19.063974+00:00 jozette-VirtualBox kernel: [    0.000000] BIOS-e820: [mem 0x000000000009fc00-0x000000000009ffff] reserved
2024-03-04T01:42:19.063975+00:00 jozette-VirtualBox kernel: [    0.000000] BIOS-e820: [mem 0x00000000000f0000-0x00000000000fffff] reserved
2024-03-04T01:42:19.063975+00:00 jozette-VirtualBox kernel: [    0.000000] BIOS-e820: [mem 0x0000000000100000-0x00000000dffeffff] usable
2024-03-04T01:42:19.063977+00:00 jozette-VirtualBox kernel: [    0.000000] BIOS-e820: [mem 0x00000000dfff0000-0x00000000dfffffff] ACPI data
2024-03-04T01:42:19.063977+00:00 jozette-VirtualBox kernel: [    0.000000] BIOS-e820: [mem 0x00000000fec00000-0x00000000fec00fff] reserved
2024-03-04T01:42:19.063977+00:00 jozette-VirtualBox kernel: [    0.000000] BIOS-e820: [mem 0x00000000fee00000-0x00000000fee00fff] reserved
2024-03-04T01:42:19.063977+00:00 jozette-VirtualBox kernel: [    0.000000] BIOS-e820: [mem 0x00000000fffc0000-0x00000000ffffffff] reserved
2024-03-04T01:42:19.063978+00:00 jozette-VirtualBox kernel: [    0.000000] BIOS-e820: [mem 0x0000000100000000-0x00000001a07fffff] usable
2024-03-04T01:42:19.063978+00:00 jozette-VirtualBox kernel: [    0.000000] NX (Execute Disable) protection: active
2024-03-04T01:42:19.063979+00:00 jozette-VirtualBox kernel: [    0.000000] SMBIOS 2.5 present.
2024-03-04T01:42:19.063979+00:00 jozette-VirtualBox kernel: [    0.000000] DMI: innotek GmbH VirtualBox/VirtualBox, BIOS VirtualBox 12/01/2006
2024-03-04T01:42:19.063979+00:00 jozette-VirtualBox kernel: [    0.000000] Hypervisor detected: KVM
2024-03-04T01:42:19.063979+00:00 jozette-VirtualBox kernel: [    0.000000] kvm-clock: Using msrs 4b564d01 and 4b564d00
2024-03-04T01:42:19.063980+00:00 jozette-VirtualBox kernel: [    0.000001] kvm-clock: using sched offset of 3805323731 cycles
2024-03-04T01:42:19.063980+00:00 jozette-VirtualBox kernel: [    0.000003] clocksource: kvm-clock: mask: 0xffffffffffffffff max_cycles: 0x1cd42e4dffb, max_idle_ns: 881590591483 ns
2024-03-04T01:42:19.063981+00:00 jozette-VirtualBox kernel: [    0.000005] tsc: Detected 2112.004 MHz processor
2024-03-04T01:42:19.063982+00:00 jozette-VirtualBox kernel: [    0.000859] e820: update [mem 0x00000000-0x00000fff] usable ==> reserved
2024-03-04T01:42:19.063982+00:00 jozette-VirtualBox kernel: [    0.000861] e820: remove [mem 0x000a0000-0x000fffff] usable
2024-03-04T01:42:19.063982+00:00 jozette-VirtualBox kernel: [    0.000865] last_pfn = 0x1a0800 max_arch_pfn = 0x400000000
2024-03-04T01:42:19.063983+00:00 jozette-VirtualBox kernel: [    0.000871] MTRRs disabled by BIOS
2024-03-04T01:42:19.063983+00:00 jozette-VirtualBox kernel: [    0.000873] x86/PAT: Configuration [0-7]: WB  WC  UC- UC  WB  WP  UC- WT  
2024-03-04T01:42:19.063983+00:00 jozette-VirtualBox kernel: [    0.000888] last_pfn = 0xdfff0 max_arch_pfn = 0x400000000
2024-03-04T01:42:19.063984+00:00 jozette-VirtualBox kernel: [    0.000928] found SMP MP-table at [mem 0x0009fff0-0x0009ffff]
2024-03-04T01:42:19.063984+00:00 jozette-VirtualBox kernel: [    0.000938] Incomplete global flushes, disabling PCID
2024-03-04T01:42:19.063984+00:00 jozette-VirtualBox kernel: [    0.001342] RAMDISK: [mem 0x2fd75000-0x33eb1fff]
2024-03-04T01:42:19.063985+00:00 jozette-VirtualBox kernel: [    0.001347] ACPI: Early table checksum verification disabled
2024-03-04T01:42:19.063985+00:00 jozette-VirtualBox kernel: [    0.001350] ACPI: RSDP 0x00000000000E0000 000024 (v02 VBOX  )
2024-03-04T01:42:19.063985+00:00 jozette-VirtualBox kernel: [    0.001354] ACPI: XSDT 0x00000000DFFF0030 00003C (v01 VBOX   VBOXXSDT 00000001 ASL  00000061)
2024-03-04T01:42:19.063987+00:00 jozette-VirtualBox kernel: [    0.001359] ACPI: FACP 0x00000000DFFF00F0 0000F4 (v04 VBOX   VBOXFACP 00000001 ASL  00000061)
2024-03-04T01:42:19.063987+00:00 jozette-VirtualBox kernel: [    0.001363] ACPI: DSDT 0x00000000DFFF0610 002353 (v02 VBOX   VBOXBIOS 00000002 INTL 20100528)
2024-03-04T01:42:19.063987+00:00 jozette-VirtualBox kernel: [    0.001366] ACPI: FACS 0x00000000DFFF0200 000040
2024-03-04T01:42:19.063988+00:00 jozette-VirtualBox kernel: [    0.001368] ACPI: FACS 0x00000000DFFF0200 000040
2024-03-04T01:42:19.063988+00:00 jozette-VirtualBox kernel: [    0.001370] ACPI: APIC 0x00000000DFFF0240 00005C (v02 VBOX   VBOXAPIC 00000001 ASL  00000061)
2024-03-04T01:42:19.063988+00:00 jozette-VirtualBox kernel: [    0.001372] ACPI: SSDT 0x00000000DFFF02A0 00036C (v01 VBOX   VBOXCPUT 00000002 INTL 20100528)
2024-03-04T01:42:19.063988+00:00 jozette-VirtualBox kernel: [    0.001374] ACPI: Reserving FACP table memory at [mem 0xdfff00f0-0xdfff01e3]
2024-03-04T01:42:19.063989+00:00 jozette-VirtualBox kernel: [    0.001375] ACPI: Reserving DSDT table memory at [mem 0xdfff0610-0xdfff2962]
2024-03-04T01:42:19.063989+00:00 jozette-VirtualBox kernel: [    0.001375] ACPI: Reserving FACS table memory at [mem 0xdfff0200-0xdfff023f]
2024-03-04T01:42:19.063990+00:00 jozette-VirtualBox kernel: [    0.001376] ACPI: Reserving FACS table memory at [mem 0xdfff0200-0xdfff023f]
2024-03-04T01:42:19.063990+00:00 jozette-VirtualBox kernel: [    0.001376] ACPI: Reserving APIC table memory at [mem 0xdfff0240-0xdfff029b]
2024-03-04T01:42:19.063978+00:00 jozette-VirtualBox systemd-modules-load[207]: Inserted module 'lp'
2024-03-04T01:42:19.063995+00:00 jozette-VirtualBox systemd-modules-load[207]: Inserted module 'ppdev'
2024-03-04T01:42:19.063998+00:00 jozette-VirtualBox systemd-modules-load[207]: Inserted module 'parport_pc'
2024-03-04T01:42:19.063991+00:00 jozette-VirtualBox kernel: [    0.001377] ACPI: Reserving SSDT table memory at [mem 0xdfff02a0-0xdfff060b]
2024-03-04T01:42:19.063999+00:00 jozette-VirtualBox systemd-modules-load[207]: Inserted module 'msr'
2024-03-04T01:42:19.064001+00:00 jozette-VirtualBox kernel: [    0.001537] No NUMA configuration found
2024-03-04T01:42:19.064002+00:00 jozette-VirtualBox systemd[1]: Mounted sys-fs-fuse-connections.mount - FUSE Control File System.
2024-03-04T01:42:19.064003+00:00 jozette-VirtualBox kernel: [    0.001538] Faking a node at [mem 0x0000000000000000-0x00000001a07fffff]
2024-03-04T01:42:19.064003+00:00 jozette-VirtualBox kernel: [    0.001543] NODE_DATA(0) allocated [mem 0x1a07d1000-0x1a07fbfff]
2024-03-04T01:42:19.064004+00:00 jozette-VirtualBox kernel: [    0.001653] Zone ranges:
2024-03-04T01:42:19.064003+00:00 jozette-VirtualBox systemd[1]: Mounted sys-kernel-config.mount - Kernel Configuration File System.
2024-03-04T01:42:19.064004+00:00 jozette-VirtualBox kernel: [    0.001653]   DMA      [mem 0x0000000000001000-0x0000000000ffffff]
2024-03-04T01:42:19.064005+00:00 jozette-VirtualBox kernel: [    0.001654]   DMA32    [mem 0x0000000001000000-0x00000000ffffffff]
2024-03-04T01:42:19.064005+00:00 jozette-VirtualBox kernel: [    0.001655]   Normal   [mem 0x0000000100000000-0x00000001a07fffff]
2024-03-04T01:42:19.064005+00:00 jozette-VirtualBox systemd[1]: Reached target swap.target - Swaps.
2024-03-04T01:42:19.064006+00:00 jozette-VirtualBox kernel: [    0.001656]   Device   empty
2024-03-04T01:42:19.064006+00:00 jozette-VirtualBox kernel: [    0.001657] Movable zone start for each node
2024-03-04T01:42:19.064007+00:00 jozette-VirtualBox kernel: [    0.001658] Early memory node ranges
2024-03-04T01:42:19.064007+00:00 jozette-VirtualBox kernel: [    0.001658]   node   0: [mem 0x0000000000001000-0x000000000009efff]
2024-03-04T01:42:19.064007+00:00 jozette-VirtualBox kernel: [    0.001659]   node   0: [mem 0x0000000000100000-0x00000000dffeffff]
2024-03-04T01:42:19.064007+00:00 jozette-VirtualBox systemd[1]: Starting systemd-journal-flush.service - Flush Journal to Persistent Storage...
2024-03-04T01:42:19.064007+00:00 jozette-VirtualBox kernel: [    0.001660]   node   0: [mem 0x0000000100000000-0x00000001a07fffff]
2024-03-04T01:42:19.064008+00:00 jozette-VirtualBox kernel: [    0.001660] Initmem setup node 0 [mem 0x0000000000001000-0x00000001a07fffff]
2024-03-04T01:42:19.064009+00:00 jozette-VirtualBox kernel: [    0.001887] On node 0, zone DMA: 1 pages in unavailable ranges
2024-03-04T01:42:19.064009+00:00 jozette-VirtualBox kernel: [    0.001898] On node 0, zone DMA: 97 pages in unavailable ranges
2024-03-04T01:42:19.064009+00:00 jozette-VirtualBox kernel: [    0.016753] On node 0, zone Normal: 16 pages in unavailable ranges
2024-03-04T01:42:19.064009+00:00 jozette-VirtualBox kernel: [    0.016881] On node 0, zone Normal: 30720 pages in unavailable ranges
2024-03-04T01:42:19.064010+00:00 jozette-VirtualBox kernel: [    0.017148] ACPI: PM-Timer IO Port: 0x4008
2024-03-04T01:42:19.064010+00:00 jozette-VirtualBox kernel: [    0.017194] IOAPIC[0]: apic_id 2, version 32, address 0xfec00000, GSI 0-23
2024-03-04T01:42:19.064011+00:00 jozette-VirtualBox kernel: [    0.017196] ACPI: INT_SRC_OVR (bus 0 bus_irq 0 global_irq 2 dfl dfl)
2024-03-04T01:42:19.064008+00:00 jozette-VirtualBox systemd[1]: Starting systemd-sysctl.service - Apply Kernel Variables...
2024-03-04T01:42:19.064011+00:00 jozette-VirtualBox kernel: [    0.017198] ACPI: INT_SRC_OVR (bus 0 bus_irq 9 global_irq 9 low level)
2024-03-04T01:42:19.064011+00:00 jozette-VirtualBox kernel: [    0.017201] ACPI: Using ACPI (MADT) for SMP configuration information
2024-03-04T01:42:19.064011+00:00 jozette-VirtualBox kernel: [    0.017206] smpboot: Allowing 2 CPUs, 0 hotplug CPUs
2024-03-04T01:42:19.064012+00:00 jozette-VirtualBox kernel: [    0.017221] PM: hibernation: Registered nosave memory: [mem 0x00000000-0x00000fff]
2024-03-04T01:42:19.064012+00:00 jozette-VirtualBox kernel: [    0.017222] PM: hibernation: Registered nosave memory: [mem 0x0009f000-0x0009ffff]
2024-03-04T01:42:19.064012+00:00 jozette-VirtualBox kernel: [    0.017223] PM: hibernation: Registered nosave memory: [mem 0x000a0000-0x000effff]
2024-03-04T01:42:19.064013+00:00 jozette-VirtualBox kernel: [    0.017223] PM: hibernation: Registered nosave memory: [mem 0x000f0000-0x000fffff]
2024-03-04T01:42:19.064012+00:00 jozette-VirtualBox systemd[1]: Finished systemd-random-seed.service - Load/Save Random Seed.
2024-03-04T01:42:19.064014+00:00 jozette-VirtualBox kernel: [    0.017224] PM: hibernation: Registered nosave memory: [mem 0xdfff0000-0xdfffffff]
2024-03-04T01:42:19.064014+00:00 jozette-VirtualBox kernel: [    0.017224] PM: hibernation: Registered nosave memory: [mem 0xe0000000-0xfebfffff]
2024-03-04T01:42:19.064014+00:00 jozette-VirtualBox kernel: [    0.017225] PM: hibernation: Registered nosave memory: [mem 0xfec00000-0xfec00fff]
2024-03-04T01:42:19.064014+00:00 jozette-VirtualBox kernel: [    0.017225] PM: hibernation: Registered nosave memory: [mem 0xfec01000-0xfedfffff]
2024-03-04T01:42:19.064015+00:00 jozette-VirtualBox kernel: [    0.017226] PM: hibernation: Registered nosave memory: [mem 0xfee00000-0xfee00fff]
2024-03-04T01:42:19.064015+00:00 jozette-VirtualBox systemd[1]: first-boot-complete.target - First Boot Complete was skipped because of an unmet condition check (ConditionFirstBoot=yes).
2024-03-04T01:42:19.064016+00:00 jozette-VirtualBox kernel: [    0.017226] PM: hibernation: Registered nosave memory: [mem 0xfee01000-0xfffbffff]
2024-03-04T01:42:19.064016+00:00 jozette-VirtualBox kernel: [    0.017226] PM: hibernation: Registered nosave memory: [mem 0xfffc0000-0xffffffff]
2024-03-04T01:42:19.064016+00:00 jozette-VirtualBox kernel: [    0.017227] [mem 0xe0000000-0xfebfffff] available for PCI devices
2024-03-04T01:42:19.064016+00:00 jozette-VirtualBox kernel: [    0.017228] Booting paravirtualized kernel on KVM
2024-03-04T01:42:19.064017+00:00 jozette-VirtualBox kernel: [    0.017230] clocksource: refined-jiffies: mask: 0xffffffff max_cycles: 0xffffffff, max_idle_ns: 7645519600211568 ns
2024-03-04T01:42:19.064016+00:00 jozette-VirtualBox systemd-sysusers[229]: Creating group 'gamemode' with GID 994.
2024-03-04T01:42:19.064017+00:00 jozette-VirtualBox kernel: [    0.017236] setup_percpu: NR_CPUS:8192 nr_cpumask_bits:2 nr_cpu_ids:2 nr_node_ids:1
2024-03-04T01:42:19.064018+00:00 jozette-VirtualBox kernel: [    0.017554] percpu: Embedded 62 pages/cpu s217088 r8192 d28672 u1048576
2024-03-04T01:42:19.064018+00:00 jozette-VirtualBox systemd[1]: Finished systemd-sysctl.service - Apply Kernel Variables.
2024-03-04T01:42:19.064019+00:00 jozette-VirtualBox kernel: [    0.017558] pcpu-alloc: s217088 r8192 d28672 u1048576 alloc=1*2097152
2024-03-04T01:42:19.064019+00:00 jozette-VirtualBox kernel: [    0.017560] pcpu-alloc: [0] 0 1 
2024-03-04T01:42:19.064019+00:00 jozette-VirtualBox kernel: [    0.017575] kvm-guest: PV spinlocks enabled
2024-03-04T01:42:19.064019+00:00 jozette-VirtualBox kernel: [    0.017577] PV qspinlock hash table entries: 256 (order: 0, 4096 bytes, linear)
2024-03-04T01:42:19.064020+00:00 jozette-VirtualBox kernel: [    0.017584] Fallback order for Node 0: 0 
2024-03-04T01:42:19.064020+00:00 jozette-VirtualBox kernel: [    0.017586] Built 1 zonelists, mobility grouping on.  Total pages: 1550032
2024-03-04T01:42:19.064020+00:00 jozette-VirtualBox systemd-sysusers[229]: Creating group 'gnome-initial-setup' with GID 993.
2024-03-04T01:42:19.064021+00:00 jozette-VirtualBox kernel: [    0.017587] Policy zone: Normal
2024-03-04T01:42:19.064021+00:00 jozette-VirtualBox kernel: [    0.017588] Kernel command line: BOOT_IMAGE=/boot/vmlinuz-6.2.0-39-generic root=UUID=3a04634f-2375-4ca4-ac85-a5915e3c2859 ro quiet splash
2024-03-04T01:42:19.064021+00:00 jozette-VirtualBox kernel: [    0.017625] Unknown kernel command line parameters "splash BOOT_IMAGE=/boot/vmlinuz-6.2.0-39-generic", will be passed to user space.
2024-03-04T01:42:19.064021+00:00 jozette-VirtualBox kernel: [    0.017643] random: crng init done
2024-03-04T01:42:19.064022+00:00 jozette-VirtualBox kernel: [    0.018840] Dentry cache hash table entries: 1048576 (order: 11, 8388608 bytes, linear)
2024-03-04T01:42:19.064022+00:00 jozette-VirtualBox kernel: [    0.019471] Inode-cache hash table entries: 524288 (order: 10, 4194304 bytes, linear)
2024-03-04T01:42:19.064023+00:00 jozette-VirtualBox kernel: [    0.019510] mem auto-init: stack:all(zero), heap alloc:on, heap free:off
2024-03-04T01:42:19.064023+00:00 jozette-VirtualBox kernel: [    0.019515] software IO TLB: area num 2.
2024-03-04T01:42:19.064021+00:00 jozette-VirtualBox systemd[1]: Finished systemd-journal-flush.service - Flush Journal to Persistent Storage.
2024-03-04T01:42:19.064023+00:00 jozette-VirtualBox kernel: [    0.041959] Memory: 5990296K/6299192K available (20480K kernel code, 4157K rwdata, 13012K rodata, 4764K init, 17536K bss, 308636K reserved, 0K cma-reserved)
2024-03-04T01:42:19.064024+00:00 jozette-VirtualBox kernel: [    0.042028] SLUB: HWalign=64, Order=0-3, MinObjects=0, CPUs=2, Nodes=1
2024-03-04T01:42:19.064024+00:00 jozette-VirtualBox systemd[1]: Finished systemd-udev-trigger.service - Coldplug All udev Devices.
2024-03-04T01:42:19.064026+00:00 jozette-VirtualBox systemd[1]: Finished systemd-sysusers.service - Create System Users.
2024-03-04T01:42:19.064028+00:00 jozette-VirtualBox systemd[1]: Starting systemd-tmpfiles-setup-dev.service - Create Static Device Nodes in /dev...
2024-03-04T01:42:19.064029+00:00 jozette-VirtualBox systemd[1]: Finished keyboard-setup.service - Set the console keyboard layout.
2024-03-04T01:42:19.064031+00:00 jozette-VirtualBox systemd[1]: Finished systemd-tmpfiles-setup-dev.service - Create Static Device Nodes in /dev.
2024-03-04T01:42:19.064033+00:00 jozette-VirtualBox systemd[1]: Reached target local-fs-pre.target - Preparation for Local File Systems.
2024-03-04T01:42:19.064034+00:00 jozette-VirtualBox systemd[1]: Starting systemd-udevd.service - Rule-based Manager for Device Events and Files...
2024-03-04T01:42:19.064036+00:00 jozette-VirtualBox systemd-udevd[239]: Using default interface naming scheme 'v252'.
2024-03-04T01:42:19.064037+00:00 jozette-VirtualBox systemd[1]: Started systemd-udevd.service - Rule-based Manager for Device Events and Files.
2024-03-04T01:42:19.064039+00:00 jozette-VirtualBox systemd[1]: Starting plymouth-start.service - Show Plymouth Boot Screen...
2024-03-04T01:42:19.064040+00:00 jozette-VirtualBox systemd[1]: Received SIGRTMIN+20 from PID 261 (plymouthd).
2024-03-04T01:42:19.064042+00:00 jozette-VirtualBox systemd[1]: Started plymouth-start.service - Show Plymouth Boot Screen.
2024-03-04T01:42:19.064044+00:00 jozette-VirtualBox systemd[1]: systemd-ask-password-console.path - Dispatch Password Requests to Console Directory Watch was skipped because of an unmet condition check (ConditionPathExists=!/run/plymouth/pid).
2024-03-04T01:42:19.064045+00:00 jozette-VirtualBox systemd[1]: Started systemd-ask-password-plymouth.path - Forward Password Requests to Plymouth Directory Watch.
2024-03-04T01:42:19.064046+00:00 jozette-VirtualBox systemd[1]: Reached target cryptsetup.target - Local Encrypted Volumes.
2024-03-04T01:42:19.064048+00:00 jozette-VirtualBox systemd-udevd[241]: event_source: Failed to get device name: No such file or directory
2024-03-04T01:42:19.064050+00:00 jozette-VirtualBox systemd-udevd[247]: sda: Process '/usr/bin/unshare -m /usr/bin/snap auto-import --mount=/dev/sda' failed with exit code 1.
2024-03-04T01:42:19.064052+00:00 jozette-VirtualBox mtp-probe: checking bus 1, device 2: "/sys/devices/pci0000:00/0000:00:06.0/usb1/1-1"
2024-03-04T01:42:19.064054+00:00 jozette-VirtualBox mtp-probe: bus: 1, device: 2 was not an MTP device
2024-03-04T01:42:19.064056+00:00 jozette-VirtualBox cloud-init[300]: Cloud-init v. 23.1.2-0ubuntu0~23.04.1 running 'init-local' at Mon, 04 Mar 2024 01:42:13 +0000. Up 2.21 seconds.
2024-03-04T01:42:19.064058+00:00 jozette-VirtualBox systemd[1]: Listening on systemd-rfkill.socket - Load/Save RF Kill Switch Status /dev/rfkill Watch.
2024-03-04T01:42:19.064059+00:00 jozette-VirtualBox systemd[1]: Finished cloud-init-local.service - Initial cloud-init job (pre-networking).
2024-03-04T01:42:19.064062+00:00 jozette-VirtualBox systemd[1]: Starting cloud-init.service - Initial cloud-init job (metadata service crawler)...
2024-03-04T01:42:19.064063+00:00 jozette-VirtualBox kernel: [    0.042045] ftrace: allocating 53254 entries in 209 pages
2024-03-04T01:42:19.064063+00:00 jozette-VirtualBox kernel: [    0.049007] ftrace: allocated 209 pages with 4 groups
2024-03-04T01:42:19.064063+00:00 jozette-VirtualBox systemd-udevd[248]: sr0: Process '/usr/bin/unshare -m /usr/bin/snap auto-import --mount=/dev/sr0' failed with exit code 1.
2024-03-04T01:42:19.064064+00:00 jozette-VirtualBox kernel: [    0.049670] Dynamic Preempt: voluntary
2024-03-04T01:42:19.064065+00:00 jozette-VirtualBox kernel: [    0.049903] rcu: Preemptible hierarchical RCU implementation.
2024-03-04T01:42:19.064065+00:00 jozette-VirtualBox kernel: [    0.049905] rcu: 	RCU restricting CPUs from NR_CPUS=8192 to nr_cpu_ids=2.
2024-03-04T01:42:19.064065+00:00 jozette-VirtualBox kernel: [    0.049906] 	Trampoline variant of Tasks RCU enabled.
2024-03-04T01:42:19.064065+00:00 jozette-VirtualBox kernel: [    0.049906] 	Rude variant of Tasks RCU enabled.
2024-03-04T01:42:19.064065+00:00 jozette-VirtualBox systemd-udevd[251]: sda2: Process '/usr/bin/unshare -m /usr/bin/snap auto-import --mount=/dev/sda2' failed with exit code 1.
2024-03-04T01:42:19.064069+00:00 jozette-VirtualBox systemd-udevd[247]: sda1: Process '/usr/bin/unshare -m /usr/bin/snap auto-import --mount=/dev/sda1' failed with exit code 1.
2024-03-04T01:42:19.064071+00:00 jozette-VirtualBox cloud-init[468]: Cloud-init v. 23.1.2-0ubuntu0~23.04.1 running 'init' at Mon, 04 Mar 2024 01:42:13 +0000. Up 2.45 seconds.
2024-03-04T01:42:19.064073+00:00 jozette-VirtualBox cloud-init[468]: ci-info: +++++++++++++++++++++++++++Net device info++++++++++++++++++++++++++++
2024-03-04T01:42:19.064066+00:00 jozette-VirtualBox kernel: [    0.049906] 	Tracing variant of Tasks RCU enabled.
2024-03-04T01:42:19.064075+00:00 jozette-VirtualBox cloud-init[468]: ci-info: +--------+-------+-----------+-----------+-------+-------------------+
2024-03-04T01:42:19.064076+00:00 jozette-VirtualBox cloud-init[468]: ci-info: | Device |   Up  |  Address  |    Mask   | Scope |     Hw-Address    |
2024-03-04T01:42:19.064077+00:00 jozette-VirtualBox cloud-init[468]: ci-info: +--------+-------+-----------+-----------+-------+-------------------+
2024-03-04T01:42:19.064105+00:00 jozette-VirtualBox cloud-init[468]: ci-info: | enp0s3 | False |     .     |     .     |   .   | 08:00:27:a1:11:71 |
2024-03-04T01:42:19.064106+00:00 jozette-VirtualBox cloud-init[468]: ci-info: | enp0s8 | False |     .     |     .     |   .   | 08:00:27:96:e7:89 |
2024-03-04T01:42:19.064109+00:00 jozette-VirtualBox cloud-init[468]: ci-info: |   lo   |  True | 127.0.0.1 | 255.0.0.0 |  host |         .         |
2024-03-04T01:42:19.064110+00:00 jozette-VirtualBox cloud-init[468]: ci-info: |   lo   |  True |  ::1/128  |     .     |  host |         .         |
2024-03-04T01:42:19.064111+00:00 jozette-VirtualBox cloud-init[468]: ci-info: +--------+-------+-----------+-----------+-------+-------------------+
2024-03-04T01:42:19.064113+00:00 jozette-VirtualBox cloud-init[468]: ci-info: +++++++++++++++++++Route IPv6 info+++++++++++++++++++
2024-03-04T01:42:19.064114+00:00 jozette-VirtualBox cloud-init[468]: ci-info: +-------+-------------+---------+-----------+-------+
2024-03-04T01:42:19.064117+00:00 jozette-VirtualBox cloud-init[468]: ci-info: | Route | Destination | Gateway | Interface | Flags |
2024-03-04T01:42:19.064119+00:00 jozette-VirtualBox cloud-init[468]: ci-info: +-------+-------------+---------+-----------+-------+
2024-03-04T01:42:19.064120+00:00 jozette-VirtualBox cloud-init[468]: ci-info: +-------+-------------+---------+-----------+-------+
2024-03-04T01:42:19.064149+00:00 jozette-VirtualBox systemd-udevd[240]: controlC0: Process '/usr/sbin/alsactl -E HOME=/run/alsa -E XDG_RUNTIME_DIR=/run/alsa/runtime restore 0' failed with exit code 99.
2024-03-04T01:42:19.064151+00:00 jozette-VirtualBox systemd[1]: systemd-ask-password-console.path - Dispatch Password Requests to Console Directory Watch was skipped because of an unmet condition check (ConditionPathExists=!/run/plymouth/pid).
2024-03-04T01:42:19.064153+00:00 jozette-VirtualBox systemd[1]: Starting modprobe@efi_pstore.service - Load Kernel Module efi_pstore...
2024-03-04T01:42:19.064154+00:00 jozette-VirtualBox systemd[1]: systemd-firstboot.service - First Boot Wizard was skipped because of an unmet condition check (ConditionFirstBoot=yes).
2024-03-04T01:42:19.064155+00:00 jozette-VirtualBox systemd[1]: first-boot-complete.target - First Boot Complete was skipped because of an unmet condition check (ConditionFirstBoot=yes).
2024-03-04T01:42:19.064158+00:00 jozette-VirtualBox systemd[1]: systemd-fsck-root.service - File System Check on Root Device was skipped because of an unmet condition check (ConditionPathExists=!/run/initramfs/fsck-root).
2024-03-04T01:42:19.064159+00:00 jozette-VirtualBox systemd[1]: systemd-repart.service - Repartition Root Disk was skipped because no trigger condition checks were met.
2024-03-04T01:42:19.064160+00:00 jozette-VirtualBox systemd[1]: modprobe@efi_pstore.service: Deactivated successfully.
2024-03-04T01:42:19.064162+00:00 jozette-VirtualBox systemd[1]: Finished modprobe@efi_pstore.service - Load Kernel Module efi_pstore.
2024-03-04T01:42:19.064163+00:00 jozette-VirtualBox systemd[1]: systemd-pstore.service - Platform Persistent Storage Archival was skipped because of an unmet condition check (ConditionDirectoryNotEmpty=/sys/fs/pstore).
2024-03-04T01:42:19.064165+00:00 jozette-VirtualBox systemd[1]: Mounting snap-bare-5.mount - Mount unit for bare, revision 5...
2024-03-04T01:42:19.064167+00:00 jozette-VirtualBox systemd[1]: Mounting snap-core22-607.mount - Mount unit for core22, revision 607...
2024-03-04T01:42:19.064168+00:00 jozette-VirtualBox systemd[1]: Mounting snap-firefox-2517.mount - Mount unit for firefox, revision 2517...
2024-03-04T01:42:19.064169+00:00 jozette-VirtualBox systemd[1]: Mounting snap-gnome\x2d42\x2d2204-87.mount - Mount unit for gnome-42-2204, revision 87...
2024-03-04T01:42:19.064171+00:00 jozette-VirtualBox systemd[1]: Mounting snap-gtk\x2dcommon\x2dthemes-1535.mount - Mount unit for gtk-common-themes, revision 1535...
2024-03-04T01:42:19.064172+00:00 jozette-VirtualBox systemd[1]: Mounting snap-snap\x2dstore-959.mount - Mount unit for snap-store, revision 959...
2024-03-04T01:42:19.064175+00:00 jozette-VirtualBox systemd[1]: Mounting snap-snapd-18933.mount - Mount unit for snapd, revision 18933...
2024-03-04T01:42:19.064176+00:00 jozette-VirtualBox systemd[1]: Mounting snap-snapd\x2ddesktop\x2dintegration-83.mount - Mount unit for snapd-desktop-integration, revision 83...
2024-03-04T01:42:19.064177+00:00 jozette-VirtualBox systemd[1]: Mounted snap-bare-5.mount - Mount unit for bare, revision 5.
2024-03-04T01:42:19.064201+00:00 jozette-VirtualBox systemd[1]: Mounted snap-firefox-2517.mount - Mount unit for firefox, revision 2517.
2024-03-04T01:42:19.064202+00:00 jozette-VirtualBox systemd[1]: Mounted snap-gnome\x2d42\x2d2204-87.mount - Mount unit for gnome-42-2204, revision 87.
2024-03-04T01:42:19.064206+00:00 jozette-VirtualBox systemd[1]: Mounted snap-snapd\x2ddesktop\x2dintegration-83.mount - Mount unit for snapd-desktop-integration, revision 83.
2024-03-04T01:42:19.064208+00:00 jozette-VirtualBox systemd[1]: Mounted snap-core22-607.mount - Mount unit for core22, revision 607.
2024-03-04T01:42:19.064209+00:00 jozette-VirtualBox systemd[1]: Mounted snap-snap\x2dstore-959.mount - Mount unit for snap-store, revision 959.
2024-03-04T01:42:19.064211+00:00 jozette-VirtualBox systemd[1]: Mounted snap-gtk\x2dcommon\x2dthemes-1535.mount - Mount unit for gtk-common-themes, revision 1535.
2024-03-04T01:42:19.064212+00:00 jozette-VirtualBox systemd[1]: Mounted snap-snapd-18933.mount - Mount unit for snapd, revision 18933.
2024-03-04T01:42:19.064214+00:00 jozette-VirtualBox systemd[1]: Reached target snapd.mounts.target - Mounted snaps.
2024-03-04T01:42:19.064216+00:00 jozette-VirtualBox systemd[1]: Reached target local-fs.target - Local File Systems.
2024-03-04T01:42:19.064217+00:00 jozette-VirtualBox systemd[1]: Starting apparmor.service - Load AppArmor profiles...
2024-03-04T01:42:19.064218+00:00 jozette-VirtualBox systemd[1]: Starting console-setup.service - Set console font and keymap...
2024-03-04T01:42:19.064220+00:00 jozette-VirtualBox systemd[1]: Starting plymouth-read-write.service - Tell Plymouth To Write Out Runtime Data...
2024-03-04T01:42:19.064221+00:00 jozette-VirtualBox systemd[1]: Starting systemd-binfmt.service - Set Up Additional Binary Formats...
2024-03-04T01:42:19.064222+00:00 jozette-VirtualBox systemd[1]: systemd-machine-id-commit.service - Commit a transient machine-id on disk was skipped because of an unmet condition check (ConditionPathIsMountPoint=/etc/machine-id).
2024-03-04T01:42:19.064225+00:00 jozette-VirtualBox systemd[1]: Starting systemd-tmpfiles-setup.service - Create Volatile Files and Directories...
2024-03-04T01:42:19.064226+00:00 jozette-VirtualBox apparmor.systemd[491]: Restarting AppArmor
2024-03-04T01:42:19.064228+00:00 jozette-VirtualBox apparmor.systemd[491]: Reloading AppArmor profiles
2024-03-04T01:42:19.064230+00:00 jozette-VirtualBox systemd[1]: Starting ufw.service - Uncomplicated firewall...
2024-03-04T01:42:19.064231+00:00 jozette-VirtualBox systemd[1]: Finished console-setup.service - Set console font and keymap.
2024-03-04T01:42:19.064233+00:00 jozette-VirtualBox systemd[1]: proc-sys-fs-binfmt_misc.automount: Got automount request for /proc/sys/fs/binfmt_misc, triggered by 496 (systemd-binfmt)
2024-03-04T01:42:19.064245+00:00 jozette-VirtualBox systemd[1]: Finished ufw.service - Uncomplicated firewall.
2024-03-04T01:42:19.064248+00:00 jozette-VirtualBox systemd[1]: Received SIGRTMIN+20 from PID 261 (plymouthd).
2024-03-04T01:42:19.064249+00:00 jozette-VirtualBox systemd[1]: Reached target network-pre.target - Preparation for Network.
2024-03-04T01:42:19.064251+00:00 jozette-VirtualBox systemd[1]: Finished plymouth-read-write.service - Tell Plymouth To Write Out Runtime Data.
2024-03-04T01:42:19.064252+00:00 jozette-VirtualBox systemd[1]: Finished systemd-tmpfiles-setup.service - Create Volatile Files and Directories.
2024-03-04T01:42:19.064255+00:00 jozette-VirtualBox systemd[1]: Starting systemd-oomd.service - Userspace Out-Of-Memory (OOM) Killer...
2024-03-04T01:42:19.064257+00:00 jozette-VirtualBox systemd[1]: Starting systemd-resolved.service - Network Name Resolution...
2024-03-04T01:42:19.064258+00:00 jozette-VirtualBox systemd[1]: Starting systemd-timesyncd.service - Network Time Synchronization...
2024-03-04T01:42:19.064259+00:00 jozette-VirtualBox systemd[1]: Starting systemd-update-utmp.service - Record System Boot/Shutdown in UTMP...
2024-03-04T01:42:19.064261+00:00 jozette-VirtualBox systemd[1]: Finished systemd-update-utmp.service - Record System Boot/Shutdown in UTMP.
2024-03-04T01:42:19.064262+00:00 jozette-VirtualBox cloud-init[468]: Generating public/private rsa key pair.
2024-03-04T01:42:19.064265+00:00 jozette-VirtualBox cloud-init[468]: Your identification has been saved in /etc/ssh/ssh_host_rsa_key
2024-03-04T01:42:19.064266+00:00 jozette-VirtualBox cloud-init[468]: Your public key has been saved in /etc/ssh/ssh_host_rsa_key.pub
2024-03-04T01:42:19.064268+00:00 jozette-VirtualBox cloud-init[468]: The key fingerprint is:
2024-03-04T01:42:19.064269+00:00 jozette-VirtualBox cloud-init[468]: SHA256:/4l2iBP9IR++Lp1W8e16nPRq/LFUCo+MqnV8MVYSoZw root@jozette-VirtualBox
2024-03-04T01:42:19.064270+00:00 jozette-VirtualBox cloud-init[468]: The key's randomart image is:
2024-03-04T01:42:19.064272+00:00 jozette-VirtualBox cloud-init[468]: +---[RSA 3072]----+
2024-03-04T01:42:19.064275+00:00 jozette-VirtualBox cloud-init[468]: |            o.   |
2024-03-04T01:42:19.064277+00:00 jozette-VirtualBox cloud-init[468]: |         . o .   |
2024-03-04T01:42:19.064279+00:00 jozette-VirtualBox cloud-init[468]: |          E . .  |
2024-03-04T01:42:19.064280+00:00 jozette-VirtualBox cloud-init[468]: |             o.  |
2024-03-04T01:42:19.064281+00:00 jozette-VirtualBox cloud-init[468]: |        S.  =  oo|
2024-03-04T01:42:19.064282+00:00 jozette-VirtualBox cloud-init[468]: |        .oo+o*.o+|
2024-03-04T01:42:19.064284+00:00 jozette-VirtualBox cloud-init[468]: |        .o=B+*+=o|
2024-03-04T01:42:19.064286+00:00 jozette-VirtualBox cloud-init[468]: |       .oo++O.+.B|
2024-03-04T01:42:19.064288+00:00 jozette-VirtualBox cloud-init[468]: |      ...o.==oo*.|
2024-03-04T01:42:19.064289+00:00 jozette-VirtualBox cloud-init[468]: +----[SHA256]-----+
2024-03-04T01:42:19.064291+00:00 jozette-VirtualBox cloud-init[468]: Generating public/private dsa key pair.
2024-03-04T01:42:19.064292+00:00 jozette-VirtualBox cloud-init[468]: Your identification has been saved in /etc/ssh/ssh_host_dsa_key
2024-03-04T01:42:19.064293+00:00 jozette-VirtualBox cloud-init[468]: Your public key has been saved in /etc/ssh/ssh_host_dsa_key.pub
2024-03-04T01:42:19.064299+00:00 jozette-VirtualBox cloud-init[468]: The key fingerprint is:
2024-03-04T01:42:19.064300+00:00 jozette-VirtualBox cloud-init[468]: SHA256:fBo7te8/2nz7QsZ71X0Vx0mBUyAqjfgyAO4nG+ocHgc root@jozette-VirtualBox
2024-03-04T01:42:19.064301+00:00 jozette-VirtualBox cloud-init[468]: The key's randomart image is:
2024-03-04T01:42:19.064302+00:00 jozette-VirtualBox cloud-init[468]: +---[DSA 1024]----+
2024-03-04T01:42:19.064304+00:00 jozette-VirtualBox cloud-init[468]: | .         . .==o|
2024-03-04T01:42:19.064306+00:00 jozette-VirtualBox cloud-init[468]: |. .   . o . .o oo|
2024-03-04T01:42:19.064308+00:00 jozette-VirtualBox cloud-init[468]: | . . . o o    . o|
2024-03-04T01:42:19.064310+00:00 jozette-VirtualBox cloud-init[468]: |.   . ...       .|
2024-03-04T01:42:19.064311+00:00 jozette-VirtualBox cloud-init[468]: | E . o .S o  .  +|
2024-03-04T01:42:19.064312+00:00 jozette-VirtualBox cloud-init[468]: |. *   o  * .  + =|
2024-03-04T01:42:19.064313+00:00 jozette-VirtualBox cloud-init[468]: |.+ .    + .  o .o|
2024-03-04T01:42:19.064315+00:00 jozette-VirtualBox cloud-init[468]: |+ +      . . o+ o|
2024-03-04T01:42:19.064316+00:00 jozette-VirtualBox cloud-init[468]: | +         .+o+*+|
2024-03-04T01:42:19.064319+00:00 jozette-VirtualBox cloud-init[468]: +----[SHA256]-----+
2024-03-04T01:42:19.064320+00:00 jozette-VirtualBox cloud-init[468]: Generating public/private ecdsa key pair.
2024-03-04T01:42:19.064322+00:00 jozette-VirtualBox cloud-init[468]: Your identification has been saved in /etc/ssh/ssh_host_ecdsa_key
2024-03-04T01:42:19.064323+00:00 jozette-VirtualBox cloud-init[468]: Your public key has been saved in /etc/ssh/ssh_host_ecdsa_key.pub
2024-03-04T01:42:19.064324+00:00 jozette-VirtualBox cloud-init[468]: The key fingerprint is:
2024-03-04T01:42:19.064326+00:00 jozette-VirtualBox cloud-init[468]: SHA256:eJwKjjo+2yM1+XmIYmXN8e0OWVpoWPrBMRLxJhUK6sc root@jozette-VirtualBox
2024-03-04T01:42:19.064328+00:00 jozette-VirtualBox cloud-init[468]: The key's randomart image is:
2024-03-04T01:42:19.064329+00:00 jozette-VirtualBox cloud-init[468]: +---[ECDSA 256]---+
2024-03-04T01:42:19.064330+00:00 jozette-VirtualBox cloud-init[468]: |   . o.o.        |
2024-03-04T01:42:19.064332+00:00 jozette-VirtualBox cloud-init[468]: |  . . =          |
2024-03-04T01:42:19.064333+00:00 jozette-VirtualBox cloud-init[468]: | .   + *         |
2024-03-04T01:42:19.064334+00:00 jozette-VirtualBox cloud-init[468]: |. .  .Oo+.       |
2024-03-04T01:42:19.064336+00:00 jozette-VirtualBox cloud-init[468]: | . E=o+=So       |
2024-03-04T01:42:19.064337+00:00 jozette-VirtualBox cloud-init[468]: |  .O +o+*.       |
2024-03-04T01:42:19.064339+00:00 jozette-VirtualBox cloud-init[468]: |  = = +=.        |
2024-03-04T01:42:19.064340+00:00 jozette-VirtualBox cloud-init[468]: |.*.o + ...       |
2024-03-04T01:42:19.064342+00:00 jozette-VirtualBox cloud-init[468]: |++=.. . ..       |
2024-03-04T01:42:19.064343+00:00 jozette-VirtualBox cloud-init[468]: +----[SHA256]-----+
2024-03-04T01:42:19.064346+00:00 jozette-VirtualBox cloud-init[468]: Generating public/private ed25519 key pair.
2024-03-04T01:42:19.064347+00:00 jozette-VirtualBox cloud-init[468]: Your identification has been saved in /etc/ssh/ssh_host_ed25519_key
2024-03-04T01:42:19.064348+00:00 jozette-VirtualBox cloud-init[468]: Your public key has been saved in /etc/ssh/ssh_host_ed25519_key.pub
2024-03-04T01:42:19.064349+00:00 jozette-VirtualBox cloud-init[468]: The key fingerprint is:
2024-03-04T01:42:19.064351+00:00 jozette-VirtualBox cloud-init[468]: SHA256:RQE4dRX6TJvvGg+77xPLXlQgICSqOdoVP68Cpai2Dkg root@jozette-VirtualBox
2024-03-04T01:42:19.064352+00:00 jozette-VirtualBox cloud-init[468]: The key's randomart image is:
2024-03-04T01:42:19.064357+00:00 jozette-VirtualBox cloud-init[468]: +--[ED25519 256]--+
2024-03-04T01:42:19.064358+00:00 jozette-VirtualBox cloud-init[468]: |      .+=.=++..  |
2024-03-04T01:42:19.064359+00:00 jozette-VirtualBox cloud-init[468]: |     .o. + . . . |
2024-03-04T01:42:19.064360+00:00 jozette-VirtualBox cloud-init[468]: |    o  .  o .   .|
2024-03-04T01:42:19.064362+00:00 jozette-VirtualBox cloud-init[468]: |   o.o   . + o  .|
2024-03-04T01:42:19.064363+00:00 jozette-VirtualBox cloud-init[468]: | E+o. o S   =   .|
2024-03-04T01:42:19.064367+00:00 jozette-VirtualBox cloud-init[468]: |+ooo   o     ... |
2024-03-04T01:42:19.064368+00:00 jozette-VirtualBox cloud-init[468]: |= ..    .   o..o.|
2024-03-04T01:42:19.064370+00:00 jozette-VirtualBox cloud-init[468]: |o.  .  .     *+. |
2024-03-04T01:42:19.064371+00:00 jozette-VirtualBox cloud-init[468]: |oo.  ..     +**. |
2024-03-04T01:42:19.064373+00:00 jozette-VirtualBox cloud-init[468]: +----[SHA256]-----+
2024-03-04T01:42:19.064374+00:00 jozette-VirtualBox systemd[1]: Finished cloud-init.service - Initial cloud-init job (metadata service crawler).
2024-03-04T01:42:19.064375+00:00 jozette-VirtualBox systemd[1]: Reached target cloud-config.target - Cloud-config availability.
2024-03-04T01:42:19.064379+00:00 jozette-VirtualBox systemd[1]: Mounting proc-sys-fs-binfmt_misc.mount - Arbitrary Executable File Formats File System...
2024-03-04T01:42:19.064380+00:00 jozette-VirtualBox systemd[1]: Mounted proc-sys-fs-binfmt_misc.mount - Arbitrary Executable File Formats File System.
2024-03-04T01:42:19.064381+00:00 jozette-VirtualBox systemd[1]: Finished systemd-binfmt.service - Set Up Additional Binary Formats.
2024-03-04T01:42:19.064382+00:00 jozette-VirtualBox systemd[1]: Started systemd-timesyncd.service - Network Time Synchronization.
2024-03-04T01:42:19.064384+00:00 jozette-VirtualBox systemd[1]: Reached target time-set.target - System Time Set.
2024-03-04T01:42:19.064385+00:00 jozette-VirtualBox systemd[1]: Started systemd-oomd.service - Userspace Out-Of-Memory (OOM) Killer.
2024-03-04T01:42:19.064388+00:00 jozette-VirtualBox systemd-resolved[508]: Positive Trust Anchors:
2024-03-04T01:42:19.064390+00:00 jozette-VirtualBox systemd-resolved[508]: . IN DS 20326 8 2 e06d44b80b8f1d39a95c0b0d7c65d08458e880409bbc683457104237c7f8ec8d
2024-03-04T01:42:19.064391+00:00 jozette-VirtualBox systemd-resolved[508]: Negative trust anchors: home.arpa 10.in-addr.arpa 16.172.in-addr.arpa 17.172.in-addr.arpa 18.172.in-addr.arpa 19.172.in-addr.arpa 20.172.in-addr.arpa 21.172.in-addr.arpa 22.172.in-addr.arpa 23.172.in-addr.arpa 24.172.in-addr.arpa 25.172.in-addr.arpa 26.172.in-addr.arpa 27.172.in-addr.arpa 28.172.in-addr.arpa 29.172.in-addr.arpa 30.172.in-addr.arpa 31.172.in-addr.arpa 168.192.in-addr.arpa d.f.ip6.arpa corp home internal intranet lan local private test
2024-03-04T01:42:19.064393+00:00 jozette-VirtualBox systemd-resolved[508]: Using system hostname 'jozette-VirtualBox'.
2024-03-04T01:42:19.064394+00:00 jozette-VirtualBox systemd[1]: Started systemd-resolved.service - Network Name Resolution.
2024-03-04T01:42:19.064397+00:00 jozette-VirtualBox systemd[1]: Reached target nss-lookup.target - Host and Network Name Lookups.
2024-03-04T01:42:19.064399+00:00 jozette-VirtualBox apparmor.systemd[529]: Warning: found usr.sbin.sssd in /etc/apparmor.d/force-complain, forcing complain mode
2024-03-04T01:42:19.064400+00:00 jozette-VirtualBox apparmor.systemd[529]: Warning from /etc/apparmor.d (/etc/apparmor.d/usr.sbin.sssd line 60): Caching disabled for: 'usr.sbin.sssd' due to force complain
2024-03-04T01:42:19.064402+00:00 jozette-VirtualBox systemd[1]: Finished apparmor.service - Load AppArmor profiles.
2024-03-04T01:42:19.064403+00:00 jozette-VirtualBox systemd[1]: Starting snapd.apparmor.service - Load AppArmor profiles managed internally by snapd...
2024-03-04T01:42:19.064407+00:00 jozette-VirtualBox snapd-apparmor[530]: main.go:124: Loading profiles [/var/lib/snapd/apparmor/profiles/snap-confine.snapd.18933 /var/lib/snapd/apparmor/profiles/snap-update-ns.firefox /var/lib/snapd/apparmor/profiles/snap-update-ns.snap-store /var/lib/snapd/apparmor/profiles/snap-update-ns.snapd-desktop-integration /var/lib/snapd/apparmor/profiles/snap.firefox.firefox /var/lib/snapd/apparmor/profiles/snap.firefox.geckodriver /var/lib/snapd/apparmor/profiles/snap.firefox.hook.configure /var/lib/snapd/apparmor/profiles/snap.firefox.hook.connect-plug-host-hunspell /var/lib/snapd/apparmor/profiles/snap.firefox.hook.disconnect-plug-host-hunspell /var/lib/snapd/apparmor/profiles/snap.firefox.hook.post-refresh /var/lib/snapd/apparmor/profiles/snap.snap-store.hook.configure /var/lib/snapd/apparmor/profiles/snap.snap-store.snap-store /var/lib/snapd/apparmor/profiles/snap.snap-store.ubuntu-software /var/lib/snapd/apparmor/profiles/snap.snap-store.ubuntu-software-local-file /var/lib/snapd/apparmor/profiles/snap.snapd-desktop-integration.hook.configure /var/lib/snapd/apparmor/profiles/snap.snapd-desktop-integration.snapd-desktop-integration]
2024-03-04T01:42:19.064411+00:00 jozette-VirtualBox systemd[1]: Finished snapd.apparmor.service - Load AppArmor profiles managed internally by snapd.
2024-03-04T01:42:19.064412+00:00 jozette-VirtualBox systemd[1]: Reached target sysinit.target - System Initialization.
2024-03-04T01:42:19.064414+00:00 jozette-VirtualBox systemd[1]: apport-autoreport.path - Process error reports when automatic reporting is enabled (file watch) was skipped because of an unmet condition check (ConditionPathExists=/var/lib/apport/autoreport).
2024-03-04T01:42:19.064415+00:00 jozette-VirtualBox systemd[1]: Started cups.path - CUPS Scheduler.
2024-03-04T01:42:19.064420+00:00 jozette-VirtualBox systemd[1]: tpm-udev.path - Handle dynamically added tpm devices was skipped because of an unmet condition check (ConditionVirtualization=container).
2024-03-04T01:42:19.064421+00:00 jozette-VirtualBox systemd[1]: Started whoopsie.path - Start whoopsie on modification of the /var/crash directory.
2024-03-04T01:42:19.064422+00:00 jozette-VirtualBox systemd[1]: Started anacron.timer - Trigger anacron every hour.
2024-03-04T01:42:19.064424+00:00 jozette-VirtualBox systemd[1]: apport-autoreport.timer - Process error reports when automatic reporting is enabled (timer based) was skipped because of an unmet condition check (ConditionPathExists=/var/lib/apport/autoreport).
2024-03-04T01:42:19.064425+00:00 jozette-VirtualBox systemd[1]: Started apt-daily.timer - Daily apt download activities.
2024-03-04T01:42:19.064428+00:00 jozette-VirtualBox systemd[1]: Started apt-daily-upgrade.timer - Daily apt upgrade and clean activities.
2024-03-04T01:42:19.064430+00:00 jozette-VirtualBox systemd[1]: Started dpkg-db-backup.timer - Daily dpkg database backup timer.
2024-03-04T01:42:19.064431+00:00 jozette-VirtualBox systemd[1]: Started e2scrub_all.timer - Periodic ext4 Online Metadata Check for All Filesystems.
2024-03-04T01:42:19.064432+00:00 jozette-VirtualBox systemd[1]: Started fstrim.timer - Discard unused blocks once a week.
2024-03-04T01:42:19.064434+00:00 jozette-VirtualBox systemd[1]: Started fwupd-refresh.timer - Refresh fwupd metadata regularly.
2024-03-04T01:42:19.064435+00:00 jozette-VirtualBox systemd[1]: Started logrotate.timer - Daily rotation of log files.
2024-03-04T01:42:19.064438+00:00 jozette-VirtualBox systemd[1]: Started man-db.timer - Daily man-db regeneration.
2024-03-04T01:42:19.064439+00:00 jozette-VirtualBox systemd[1]: Started motd-news.timer - Message of the Day.
2024-03-04T01:42:19.064441+00:00 jozette-VirtualBox systemd[1]: snapd.snap-repair.timer - Timer to automatically fetch and run repair assertions was skipped because no trigger condition checks were met.
2024-03-04T01:42:19.064442+00:00 jozette-VirtualBox systemd[1]: Started systemd-tmpfiles-clean.timer - Daily Cleanup of Temporary Directories.
2024-03-04T01:42:19.064443+00:00 jozette-VirtualBox systemd[1]: Started ua-timer.timer - Ubuntu Advantage Timer for running repeated jobs.
2024-03-04T01:42:19.064445+00:00 jozette-VirtualBox systemd[1]: Reached target paths.target - Path Units.
2024-03-04T01:42:19.064448+00:00 jozette-VirtualBox systemd[1]: apport-forward.socket - Unix socket for apport crash forwarding was skipped because of an unmet condition check (ConditionVirtualization=container).
2024-03-04T01:42:19.064449+00:00 jozette-VirtualBox systemd[1]: Listening on avahi-daemon.socket - Avahi mDNS/DNS-SD Stack Activation Socket.
2024-03-04T01:42:19.064450+00:00 jozette-VirtualBox systemd[1]: Listening on cloud-init-hotplugd.socket - cloud-init hotplug hook socket.
2024-03-04T01:42:19.064452+00:00 jozette-VirtualBox systemd[1]: Listening on cups.socket - CUPS Scheduler.
2024-03-04T01:42:19.064453+00:00 jozette-VirtualBox systemd[1]: Listening on dbus.socket - D-Bus System Message Bus Socket.
2024-03-04T01:42:19.064454+00:00 jozette-VirtualBox systemd[1]: Starting snapd.socket - Socket activation for snappy daemon...
2024-03-04T01:42:19.064457+00:00 jozette-VirtualBox systemd[1]: Listening on uuidd.socket - UUID daemon activation socket.
2024-03-04T01:42:19.064458+00:00 jozette-VirtualBox systemd[1]: systemd-pcrphase-sysinit.service - TPM2 PCR Barrier (Initialization) was skipped because of an unmet condition check (ConditionPathExists=/sys/firmware/efi/efivars/StubPcrKernelImage-4a67b082-0a4c-41cf-b6c7-440b29bb8c4f).
2024-03-04T01:42:19.064460+00:00 jozette-VirtualBox systemd[1]: Listening on snapd.socket - Socket activation for snappy daemon.
2024-03-04T01:42:19.064461+00:00 jozette-VirtualBox systemd[1]: Reached target sockets.target - Socket Units.
2024-03-04T01:42:19.064462+00:00 jozette-VirtualBox systemd[1]: Reached target basic.target - Basic System.
2024-03-04T01:42:19.064465+00:00 jozette-VirtualBox systemd[1]: Started anacron.service - Run anacron jobs.
2024-03-04T01:42:19.064467+00:00 jozette-VirtualBox systemd[1]: Starting apport.service - automatic crash report generation...
2024-03-04T01:42:19.064468+00:00 jozette-VirtualBox systemd[1]: Starting avahi-daemon.service - Avahi mDNS/DNS-SD Stack...
2024-03-04T01:42:19.064470+00:00 jozette-VirtualBox anacron[554]: Anacron 2.3 started on 2024-03-04
2024-03-04T01:42:19.064471+00:00 jozette-VirtualBox systemd[1]: Starting dbus.service - D-Bus System Message Bus...
2024-03-04T01:42:19.064472+00:00 jozette-VirtualBox systemd[1]: Started dmesg.service - Save initial kernel messages after boot.
2024-03-04T01:42:19.064473+00:00 jozette-VirtualBox anacron[554]: Will run job `cron.daily' in 5 min.
2024-03-04T01:42:19.064477+00:00 jozette-VirtualBox anacron[554]: Will run job `cron.weekly' in 10 min.
2024-03-04T01:42:19.064478+00:00 jozette-VirtualBox anacron[554]: Will run job `cron.monthly' in 15 min.
2024-03-04T01:42:19.064479+00:00 jozette-VirtualBox anacron[554]: Jobs will be executed sequentially
2024-03-04T01:42:19.064480+00:00 jozette-VirtualBox systemd[1]: Starting e2scrub_reap.service - Remove Stale Online ext4 Metadata Check Snapshots...
2024-03-04T01:42:19.064482+00:00 jozette-VirtualBox systemd[1]: getty-static.service - getty on tty2-tty6 if dbus and logind are not available was skipped because of an unmet condition check (ConditionPathExists=!/usr/bin/dbus-daemon).
2024-03-04T01:42:19.064483+00:00 jozette-VirtualBox systemd[1]: Reached target getty.target - Login Prompts.
2024-03-04T01:42:19.064486+00:00 jozette-VirtualBox systemd[1]: Starting gpu-manager.service - Detect the available GPUs and deal with any system changes...
2024-03-04T01:42:19.064488+00:00 jozette-VirtualBox systemd[1]: Starting grub-common.service - Record successful boot for GRUB...
2024-03-04T01:42:19.064489+00:00 jozette-VirtualBox systemd[1]: Started irqbalance.service - irqbalance daemon.
2024-03-04T01:42:19.064490+00:00 jozette-VirtualBox avahi-daemon[556]: Found user 'avahi' (UID 110) and group 'avahi' (GID 116).
2024-03-04T01:42:19.064492+00:00 jozette-VirtualBox systemd[1]: networkd-dispatcher.service - Dispatcher daemon for systemd-networkd was skipped because no trigger condition checks were met.
2024-03-04T01:42:19.064493+00:00 jozette-VirtualBox systemd[1]: Starting polkit.service - Authorization Manager...
2024-03-04T01:42:19.064496+00:00 jozette-VirtualBox systemd[1]: Starting power-profiles-daemon.service - Power Profiles daemon...
2024-03-04T01:42:19.064497+00:00 jozette-VirtualBox systemd[1]: Starting rsyslog.service - System Logging Service...
2024-03-04T01:42:19.064498+00:00 jozette-VirtualBox systemd[1]: secureboot-db.service - Secure Boot updates for DB and DBX was skipped because of an unmet condition check (ConditionPathExists=/sys/firmware/efi/efivars/db-d719b2cb-3d3a-4596-a3bc-dad00e67656f).
2024-03-04T01:42:19.064500+00:00 jozette-VirtualBox systemd[1]: Started snapd.aa-prompt-listener.service - Userspace listener for prompt events.
2024-03-04T01:42:19.064502+00:00 jozette-VirtualBox systemd[1]: snapd.core-fixup.service - Automatically repair incorrect owner/permissions on core devices was skipped because no trigger condition checks were met.
2024-03-04T01:42:19.064506+00:00 jozette-VirtualBox systemd[1]: snapd.recovery-chooser-trigger.service - Wait for the Ubuntu Core chooser trigger was skipped because of an unmet condition check (ConditionKernelCommandLine=snapd_recovery_mode).
2024-03-04T01:42:19.064507+00:00 jozette-VirtualBox systemd[1]: Reached target getty-pre.target - Preparation for Logins.
2024-03-04T01:42:19.064508+00:00 jozette-VirtualBox systemd[1]: Starting snapd.service - Snap Daemon...
2024-03-04T01:42:19.064509+00:00 jozette-VirtualBox systemd[1]: sssd.service - System Security Services Daemon was skipped because no trigger condition checks were met.
2024-03-04T01:42:19.064511+00:00 jozette-VirtualBox systemd[1]: Reached target nss-user-lookup.target - User and Group Name Lookups.
2024-03-04T01:42:19.064512+00:00 jozette-VirtualBox systemd[1]: sssd-nss.socket: Bound to unit sssd.service, but unit isn't active.
2024-03-04T01:42:19.064515+00:00 jozette-VirtualBox systemd[1]: Dependency failed for sssd-nss.socket - SSSD NSS Service responder socket.
2024-03-04T01:42:19.064516+00:00 jozette-VirtualBox systemd[1]: sssd-nss.socket: Job sssd-nss.socket/start failed with result 'dependency'.
2024-03-04T01:42:19.064518+00:00 jozette-VirtualBox systemd[1]: sssd-autofs.socket: Bound to unit sssd.service, but unit isn't active.
2024-03-04T01:42:19.064519+00:00 jozette-VirtualBox systemd[1]: Dependency failed for sssd-autofs.socket - SSSD AutoFS Service responder socket.
2024-03-04T01:42:19.064520+00:00 jozette-VirtualBox systemd[1]: sssd-autofs.socket: Job sssd-autofs.socket/start failed with result 'dependency'.
2024-03-04T01:42:19.064523+00:00 jozette-VirtualBox systemd[1]: sssd-pac.socket: Bound to unit sssd.service, but unit isn't active.
2024-03-04T01:42:19.064525+00:00 jozette-VirtualBox systemd[1]: Dependency failed for sssd-pac.socket - SSSD PAC Service responder socket.
2024-03-04T01:42:19.064527+00:00 jozette-VirtualBox systemd[1]: sssd-pac.socket: Job sssd-pac.socket/start failed with result 'dependency'.
2024-03-04T01:42:19.064528+00:00 jozette-VirtualBox systemd[1]: sssd-pam-priv.socket: Bound to unit sssd.service, but unit isn't active.
2024-03-04T01:42:19.064529+00:00 jozette-VirtualBox systemd[1]: Dependency failed for sssd-pam-priv.socket - SSSD PAM Service responder private socket.
2024-03-04T01:42:19.064531+00:00 jozette-VirtualBox systemd[1]: Dependency failed for sssd-pam.socket - SSSD PAM Service responder socket.
2024-03-04T01:42:19.064534+00:00 jozette-VirtualBox systemd[1]: sssd-pam.socket: Job sssd-pam.socket/start failed with result 'dependency'.
2024-03-04T01:42:19.064535+00:00 jozette-VirtualBox systemd[1]: sssd-pam-priv.socket: Job sssd-pam-priv.socket/start failed with result 'dependency'.
2024-03-04T01:42:19.064536+00:00 jozette-VirtualBox systemd[1]: sssd-ssh.socket: Bound to unit sssd.service, but unit isn't active.
2024-03-04T01:42:19.064537+00:00 jozette-VirtualBox systemd[1]: Dependency failed for sssd-ssh.socket - SSSD SSH Service responder socket.
2024-03-04T01:42:19.064539+00:00 jozette-VirtualBox systemd[1]: sssd-ssh.socket: Job sssd-ssh.socket/start failed with result 'dependency'.
2024-03-04T01:42:19.064542+00:00 jozette-VirtualBox dbus-daemon[557]: dbus[557]: Unknown group "power" in message bus configuration file
2024-03-04T01:42:19.064543+00:00 jozette-VirtualBox systemd[1]: sssd-sudo.socket: Bound to unit sssd.service, but unit isn't active.
2024-03-04T01:42:19.064544+00:00 jozette-VirtualBox systemd[1]: Dependency failed for sssd-sudo.socket - SSSD Sudo Service responder socket.
2024-03-04T01:42:19.064546+00:00 jozette-VirtualBox systemd[1]: sssd-sudo.socket: Job sssd-sudo.socket/start failed with result 'dependency'.
2024-03-04T01:42:19.064547+00:00 jozette-VirtualBox systemd[1]: Starting accounts-daemon.service - Accounts Service...
2024-03-04T01:42:19.064548+00:00 jozette-VirtualBox systemd[1]: Started cron.service - Regular background program processing daemon.
2024-03-04T01:42:19.064552+00:00 jozette-VirtualBox cron[600]: (CRON) INFO (pidfile fd = 3)
2024-03-04T01:42:19.064553+00:00 jozette-VirtualBox systemd[1]: Starting switcheroo-control.service - Switcheroo Control Proxy service...
2024-03-04T01:42:19.064554+00:00 jozette-VirtualBox cron[600]: (CRON) INFO (Running @reboot jobs)
2024-03-04T01:42:19.064556+00:00 jozette-VirtualBox snapd-aa-prompt-listener[583]: AA Prompt listener not implemented
2024-03-04T01:42:19.064557+00:00 jozette-VirtualBox systemd[1]: Starting systemd-logind.service - User Login Management...
2024-03-04T01:42:19.064559+00:00 jozette-VirtualBox dbus-daemon[557]: [system] AppArmor D-Bus mediation is enabled
2024-03-04T01:42:19.064562+00:00 jozette-VirtualBox dbus-daemon[557]: [system] Activating systemd to hand-off: service name='org.freedesktop.PolicyKit1' unit='polkit.service' requested by ':1.4' (uid=0 pid=576 comm="/usr/libexec/power-profiles-daemon" label="unconfined")
2024-03-04T01:42:19.064563+00:00 jozette-VirtualBox systemd[1]: systemd-pcrphase.service - TPM2 PCR Barrier (User) was skipped because of an unmet condition check (ConditionPathExists=/sys/firmware/efi/efivars/StubPcrKernelImage-4a67b082-0a4c-41cf-b6c7-440b29bb8c4f).
2024-03-04T01:42:19.064565+00:00 jozette-VirtualBox systemd[1]: thermald.service - Thermal Daemon Service was skipped because of an unmet condition check (ConditionVirtualization=no).
2024-03-04T01:42:19.064566+00:00 jozette-VirtualBox polkitd[575]: started daemon version 0.105 using authority implementation `local' version `0.105'
2024-03-04T01:42:19.064568+00:00 jozette-VirtualBox dbus-daemon[557]: [system] Successfully activated service 'org.freedesktop.PolicyKit1'
2024-03-04T01:42:19.064571+00:00 jozette-VirtualBox dbus-daemon[557]: [system] Activating systemd to hand-off: service name='org.freedesktop.login1' unit='dbus-org.freedesktop.login1.service' requested by ':1.4' (uid=0 pid=576 comm="/usr/libexec/power-profiles-daemon" label="unconfined")
2024-03-04T01:42:19.064572+00:00 jozette-VirtualBox systemd[1]: ua-reboot-cmds.service - Ubuntu Advantage reboot cmds was skipped because of an unmet condition check (ConditionPathExists=/var/lib/ubuntu-advantage/marker-reboot-cmds-required).
2024-03-04T01:42:19.064574+00:00 jozette-VirtualBox systemd[1]: Starting udisks2.service - Disk Manager...
2024-03-04T01:42:19.064575+00:00 jozette-VirtualBox systemd[1]: Started dbus.service - D-Bus System Message Bus.
2024-03-04T01:42:19.064576+00:00 jozette-VirtualBox udisksd[611]: udisks daemon version 2.9.4 starting
2024-03-04T01:42:19.064578+00:00 jozette-VirtualBox systemd[1]: gpu-manager.service: Deactivated successfully.
2024-03-04T01:42:19.064581+00:00 jozette-VirtualBox systemd[1]: Finished gpu-manager.service - Detect the available GPUs and deal with any system changes.
2024-03-04T01:42:19.064582+00:00 jozette-VirtualBox systemd[1]: snapd.aa-prompt-listener.service: Deactivated successfully.
2024-03-04T01:42:19.064583+00:00 jozette-VirtualBox avahi-daemon[556]: Successfully dropped root privileges.
2024-03-04T01:42:19.064584+00:00 jozette-VirtualBox avahi-daemon[556]: avahi-daemon 0.8 starting up.
2024-03-04T01:42:19.064586+00:00 jozette-VirtualBox dbus-daemon[557]: [system] Successfully activated service 'org.freedesktop.systemd1'
2024-03-04T01:42:19.064587+00:00 jozette-VirtualBox avahi-daemon[556]: Successfully called chroot().
2024-03-04T01:42:19.064590+00:00 jozette-VirtualBox avahi-daemon[556]: Successfully dropped remaining capabilities.
2024-03-04T01:42:19.064592+00:00 jozette-VirtualBox avahi-daemon[556]: No service file found in /etc/avahi/services.
2024-03-04T01:42:19.064593+00:00 jozette-VirtualBox systemd[1]: Starting NetworkManager.service - Network Manager...
2024-03-04T01:42:19.064594+00:00 jozette-VirtualBox avahi-daemon[556]: Joining mDNS multicast group on interface lo.IPv6 with address ::1.
2024-03-04T01:42:19.064596+00:00 jozette-VirtualBox avahi-daemon[556]: New relevant interface lo.IPv6 for mDNS.
2024-03-04T01:42:19.064597+00:00 jozette-VirtualBox avahi-daemon[556]: Joining mDNS multicast group on interface lo.IPv4 with address 127.0.0.1.
2024-03-04T01:42:19.064600+00:00 jozette-VirtualBox avahi-daemon[556]: New relevant interface lo.IPv4 for mDNS.
2024-03-04T01:42:19.064601+00:00 jozette-VirtualBox avahi-daemon[556]: Network interface enumeration completed.
2024-03-04T01:42:19.064603+00:00 jozette-VirtualBox avahi-daemon[556]: Registering new address record for ::1 on lo.*.
2024-03-04T01:42:19.064604+00:00 jozette-VirtualBox avahi-daemon[556]: Registering new address record for 127.0.0.1 on lo.IPv4.
2024-03-04T01:42:19.064605+00:00 jozette-VirtualBox systemd[1]: Starting wpa_supplicant.service - WPA supplicant...
2024-03-04T01:42:19.064606+00:00 jozette-VirtualBox systemd[1]: Started polkit.service - Authorization Manager.
2024-03-04T01:42:19.064609+00:00 jozette-VirtualBox udisksd[611]: failed to load module mdraid: libbd_mdraid.so.2: cannot open shared object file: No such file or directory
2024-03-04T01:42:19.064611+00:00 jozette-VirtualBox systemd[1]: Started power-profiles-daemon.service - Power Profiles daemon.
2024-03-04T01:42:19.064612+00:00 jozette-VirtualBox udisksd[611]: Failed to load the 'mdraid' libblockdev plugin
2024-03-04T01:42:19.064613+00:00 jozette-VirtualBox systemd[1]: Started avahi-daemon.service - Avahi mDNS/DNS-SD Stack.
2024-03-04T01:42:19.064614+00:00 jozette-VirtualBox wpa_supplicant[620]: Successfully initialized wpa_supplicant
2024-03-04T01:42:19.064616+00:00 jozette-VirtualBox systemd[1]: Started switcheroo-control.service - Switcheroo Control Proxy service.
2024-03-04T01:42:19.064620+00:00 jozette-VirtualBox systemd[1]: grub-common.service: Deactivated successfully.
2024-03-04T01:42:19.064621+00:00 jozette-VirtualBox systemd[1]: Finished grub-common.service - Record successful boot for GRUB.
2024-03-04T01:42:19.064623+00:00 jozette-VirtualBox systemd[1]: Started wpa_supplicant.service - WPA supplicant.
2024-03-04T01:42:19.064626+00:00 jozette-VirtualBox systemd[1]: alsa-state.service - Manage Sound Card State (restore and store) was skipped because of an unmet condition check (ConditionPathExists=/etc/alsa/state-daemon.conf).
2024-03-04T01:42:19.064632+00:00 jozette-VirtualBox dbus-daemon[557]: [system] Successfully activated service 'org.freedesktop.login1'
2024-03-04T01:42:19.064633+00:00 jozette-VirtualBox snapd[584]: overlord.go:270: Acquiring state lock file
2024-03-04T01:42:19.064634+00:00 jozette-VirtualBox snapd[584]: overlord.go:275: Acquired state lock file
2024-03-04T01:42:19.064635+00:00 jozette-VirtualBox systemd[1]: Starting alsa-restore.service - Save/Restore Sound Card State...
2024-03-04T01:42:19.064638+00:00 jozette-VirtualBox systemd[1]: Starting grub-initrd-fallback.service - GRUB failed boot detection...
2024-03-04T01:42:19.064640+00:00 jozette-VirtualBox systemd[1]: Starting modprobe@drm.service - Load Kernel Module drm...
2024-03-04T01:42:19.064641+00:00 jozette-VirtualBox systemd[1]: Starting ModemManager.service - Modem Manager...
2024-03-04T01:42:19.064642+00:00 jozette-VirtualBox systemd[1]: modprobe@drm.service: Deactivated successfully.
2024-03-04T01:42:19.064644+00:00 jozette-VirtualBox alsactl[659]: /usr/sbin/alsactl: load_state:1689: Cannot open /var/lib/alsa/asound.state for reading: No such file or directory
2024-03-04T01:42:19.064645+00:00 jozette-VirtualBox alsactl[659]: alsa-lib main.c:1541:(snd_use_case_mgr_open) error: failed to import hw:0 use case configuration -2
2024-03-04T01:42:19.064649+00:00 jozette-VirtualBox alsactl[659]: Found hardware: "ICH" "Analog Devices AD1980" "AC97a:41445370" "0x1028" "0x0177"
2024-03-04T01:42:19.064650+00:00 jozette-VirtualBox alsactl[659]: Hardware is initialized using a generic method
2024-03-04T01:42:19.064651+00:00 jozette-VirtualBox systemd[1]: Finished modprobe@drm.service - Load Kernel Module drm.
2024-03-04T01:42:19.064653+00:00 jozette-VirtualBox systemd[1]: Finished alsa-restore.service - Save/Restore Sound Card State.
2024-03-04T01:42:19.064654+00:00 jozette-VirtualBox accounts-daemon[597]: started daemon version 22.08.8
2024-03-04T01:42:19.064655+00:00 jozette-VirtualBox systemd[1]: Started systemd-logind.service - User Login Management.
2024-03-04T01:42:19.064658+00:00 jozette-VirtualBox systemd[1]: Started accounts-daemon.service - Accounts Service.
2024-03-04T01:42:19.063040+00:00 jozette-VirtualBox systemd[1]: grub-initrd-fallback.service: Deactivated successfully.
2024-03-04T01:42:19.063172+00:00 jozette-VirtualBox systemd[1]: Finished grub-initrd-fallback.service - GRUB failed boot detection.
2024-03-04T01:42:19.063197+00:00 jozette-VirtualBox systemd[1]: Reached target sound.target - Sound Card.
2024-03-04T01:42:19.064242+00:00 jozette-VirtualBox rsyslogd: imuxsock: Acquired UNIX socket '/run/systemd/journal/syslog' (fd 3) from systemd.  [v8.2302.0]
2024-03-04T01:42:19.064280+00:00 jozette-VirtualBox rsyslogd: rsyslogd's groupid changed to 107
2024-03-04T01:42:19.064303+00:00 jozette-VirtualBox systemd[1]: Started rsyslog.service - System Logging Service.
2024-03-04T01:42:19.064319+00:00 jozette-VirtualBox rsyslogd: rsyslogd's userid changed to 101
2024-03-04T01:42:19.064331+00:00 jozette-VirtualBox rsyslogd: [origin software="rsyslogd" swVersion="8.2302.0" x-pid="658" x-info="https://www.rsyslog.com"] start
2024-03-04T01:42:19.064988+00:00 jozette-VirtualBox kernel: [    0.049907] rcu: RCU calculated value of scheduler-enlistment delay is 25 jiffies.
2024-03-04T01:42:19.064991+00:00 jozette-VirtualBox kernel: [    0.049907] rcu: Adjusting geometry for rcu_fanout_leaf=16, nr_cpu_ids=2
2024-03-04T01:42:19.064991+00:00 jozette-VirtualBox kernel: [    0.051407] NR_IRQS: 524544, nr_irqs: 440, preallocated irqs: 16
2024-03-04T01:42:19.064992+00:00 jozette-VirtualBox kernel: [    0.051561] rcu: srcu_init: Setting srcu_struct sizes based on contention.
2024-03-04T01:42:19.064992+00:00 jozette-VirtualBox kernel: [    0.056284] Console: colour VGA+ 80x25
2024-03-04T01:42:19.064992+00:00 jozette-VirtualBox kernel: [    0.056287] printk: console [tty0] enabled
2024-03-04T01:42:19.064992+00:00 jozette-VirtualBox kernel: [    0.056555] ACPI: Core revision 20221020
2024-03-04T01:42:19.064993+00:00 jozette-VirtualBox kernel: [    0.056625] APIC: Switch to symmetric I/O mode setup
2024-03-04T01:42:19.064993+00:00 jozette-VirtualBox kernel: [    0.056765] x2apic enabled
2024-03-04T01:42:19.064994+00:00 jozette-VirtualBox kernel: [    0.056894] Switched APIC routing to physical x2apic.
2024-03-04T01:42:19.064994+00:00 jozette-VirtualBox kernel: [    0.057579] ..TIMER: vector=0x30 apic1=0 pin1=2 apic2=-1 pin2=-1
2024-03-04T01:42:19.064994+00:00 jozette-VirtualBox kernel: [    0.057593] clocksource: tsc-early: mask: 0xffffffffffffffff max_cycles: 0x1e717c37157, max_idle_ns: 440795284133 ns
2024-03-04T01:42:19.064994+00:00 jozette-VirtualBox kernel: [    0.057599] Calibrating delay loop (skipped) preset value.. 4224.00 BogoMIPS (lpj=8448016)
2024-03-04T01:42:19.064995+00:00 jozette-VirtualBox kernel: [    0.057682] Last level iTLB entries: 4KB 0, 2MB 0, 4MB 0
2024-03-04T01:42:19.064996+00:00 jozette-VirtualBox kernel: [    0.057683] Last level dTLB entries: 4KB 0, 2MB 0, 4MB 0, 1GB 0
2024-03-04T01:42:19.064996+00:00 jozette-VirtualBox kernel: [    0.057687] Spectre V1 : Mitigation: usercopy/swapgs barriers and __user pointer sanitization
2024-03-04T01:42:19.064996+00:00 jozette-VirtualBox kernel: [    0.057688] Spectre V2 : Mitigation: Retpolines
2024-03-04T01:42:19.064996+00:00 jozette-VirtualBox kernel: [    0.057689] Spectre V2 : Spectre v2 / SpectreRSB mitigation: Filling RSB on context switch
2024-03-04T01:42:19.064996+00:00 jozette-VirtualBox kernel: [    0.057689] Spectre V2 : Spectre v2 / SpectreRSB : Filling RSB on VMEXIT
2024-03-04T01:42:19.064997+00:00 jozette-VirtualBox kernel: [    0.057690] Speculative Store Bypass: Vulnerable
2024-03-04T01:42:19.064997+00:00 jozette-VirtualBox kernel: [    0.057701] x86/fpu: Supporting XSAVE feature 0x001: 'x87 floating point registers'
2024-03-04T01:42:19.064998+00:00 jozette-VirtualBox kernel: [    0.057702] x86/fpu: Supporting XSAVE feature 0x002: 'SSE registers'
2024-03-04T01:42:19.064998+00:00 jozette-VirtualBox kernel: [    0.057703] x86/fpu: Supporting XSAVE feature 0x004: 'AVX registers'
2024-03-04T01:42:19.064998+00:00 jozette-VirtualBox kernel: [    0.057703] x86/fpu: xstate_offset[2]:  576, xstate_sizes[2]:  256
2024-03-04T01:42:19.064998+00:00 jozette-VirtualBox kernel: [    0.057704] x86/fpu: Enabled xstate features 0x7, context size is 832 bytes, using 'standard' format.
2024-03-04T01:42:19.064999+00:00 jozette-VirtualBox kernel: [    0.071652] Freeing SMP alternatives memory: 44K
2024-03-04T01:42:19.064999+00:00 jozette-VirtualBox kernel: [    0.071654] pid_max: default: 32768 minimum: 301
2024-03-04T01:42:19.065000+00:00 jozette-VirtualBox kernel: [    0.071671] LSM: initializing lsm=lockdown,capability,landlock,yama,integrity,apparmor
2024-03-04T01:42:19.065000+00:00 jozette-VirtualBox kernel: [    0.071677] landlock: Up and running.
2024-03-04T01:42:19.065000+00:00 jozette-VirtualBox kernel: [    0.071678] Yama: becoming mindful.
2024-03-04T01:42:19.065000+00:00 jozette-VirtualBox kernel: [    0.071694] AppArmor: AppArmor initialized
2024-03-04T01:42:19.065001+00:00 jozette-VirtualBox kernel: [    0.071717] Mount-cache hash table entries: 16384 (order: 5, 131072 bytes, linear)
2024-03-04T01:42:19.065002+00:00 jozette-VirtualBox kernel: [    0.071727] Mountpoint-cache hash table entries: 16384 (order: 5, 131072 bytes, linear)
2024-03-04T01:42:19.065002+00:00 jozette-VirtualBox kernel: [    0.179915] smpboot: CPU0: 12th Gen Intel(R) Core(TM) i7-12700 (family: 0x6, model: 0x97, stepping: 0x2)
2024-03-04T01:42:19.065003+00:00 jozette-VirtualBox kernel: [    0.179998] cblist_init_generic: Setting adjustable number of callback queues.
2024-03-04T01:42:19.065003+00:00 jozette-VirtualBox kernel: [    0.179999] cblist_init_generic: Setting shift to 1 and lim to 1.
2024-03-04T01:42:19.065003+00:00 jozette-VirtualBox kernel: [    0.180009] cblist_init_generic: Setting adjustable number of callback queues.
2024-03-04T01:42:19.065003+00:00 jozette-VirtualBox kernel: [    0.180010] cblist_init_generic: Setting shift to 1 and lim to 1.
2024-03-04T01:42:19.065004+00:00 jozette-VirtualBox kernel: [    0.180016] cblist_init_generic: Setting adjustable number of callback queues.
2024-03-04T01:42:19.065004+00:00 jozette-VirtualBox kernel: [    0.180017] cblist_init_generic: Setting shift to 1 and lim to 1.
2024-03-04T01:42:19.065005+00:00 jozette-VirtualBox kernel: [    0.180023] Performance Events: unsupported p6 CPU model 151 no PMU driver, software events only.
2024-03-04T01:42:19.065005+00:00 jozette-VirtualBox kernel: [    0.180033] signal: max sigframe size: 1776
2024-03-04T01:42:19.065005+00:00 jozette-VirtualBox kernel: [    0.180045] rcu: Hierarchical SRCU implementation.
2024-03-04T01:42:19.065005+00:00 jozette-VirtualBox kernel: [    0.180045] rcu: 	Max phase no-delay instances is 1000.
2024-03-04T01:42:19.065007+00:00 jozette-VirtualBox kernel: [    0.180212] NMI watchdog: Perf NMI watchdog permanently disabled
2024-03-04T01:42:19.065007+00:00 jozette-VirtualBox kernel: [    0.180241] smp: Bringing up secondary CPUs ...
2024-03-04T01:42:19.065007+00:00 jozette-VirtualBox kernel: [    0.180296] x86: Booting SMP configuration:
2024-03-04T01:42:19.065008+00:00 jozette-VirtualBox kernel: [    0.180297] .... node  #0, CPUs:      #1
2024-03-04T01:42:19.065008+00:00 jozette-VirtualBox kernel: [    0.181596] smp: Brought up 1 node, 2 CPUs
2024-03-04T01:42:19.065008+00:00 jozette-VirtualBox kernel: [    0.181596] smpboot: Max logical packages: 1
2024-03-04T01:42:19.065008+00:00 jozette-VirtualBox kernel: [    0.181596] smpboot: Total of 2 processors activated (8448.01 BogoMIPS)
2024-03-04T01:42:19.065009+00:00 jozette-VirtualBox kernel: [    0.181596] devtmpfs: initialized
2024-03-04T01:42:19.065009+00:00 jozette-VirtualBox kernel: [    0.181596] x86/mm: Memory block size: 128MB
2024-03-04T01:42:19.065010+00:00 jozette-VirtualBox kernel: [    0.181630] clocksource: jiffies: mask: 0xffffffff max_cycles: 0xffffffff, max_idle_ns: 7645041785100000 ns
2024-03-04T01:42:19.065010+00:00 jozette-VirtualBox kernel: [    0.181635] futex hash table entries: 512 (order: 3, 32768 bytes, linear)
2024-03-04T01:42:19.065010+00:00 jozette-VirtualBox kernel: [    0.181660] pinctrl core: initialized pinctrl subsystem
2024-03-04T01:42:19.065010+00:00 jozette-VirtualBox kernel: [    0.181726] PM: RTC time: 01:42:10, date: 2024-03-04
2024-03-04T01:42:19.065011+00:00 jozette-VirtualBox kernel: [    0.182251] NET: Registered PF_NETLINK/PF_ROUTE protocol family
2024-03-04T01:42:19.065011+00:00 jozette-VirtualBox kernel: [    0.182334] DMA: preallocated 1024 KiB GFP_KERNEL pool for atomic allocations
2024-03-04T01:42:19.065011+00:00 jozette-VirtualBox kernel: [    0.182411] DMA: preallocated 1024 KiB GFP_KERNEL|GFP_DMA pool for atomic allocations
2024-03-04T01:42:19.065012+00:00 jozette-VirtualBox kernel: [    0.182491] DMA: preallocated 1024 KiB GFP_KERNEL|GFP_DMA32 pool for atomic allocations
2024-03-04T01:42:19.065012+00:00 jozette-VirtualBox kernel: [    0.182497] audit: initializing netlink subsys (disabled)
2024-03-04T01:42:19.065012+00:00 jozette-VirtualBox kernel: [    0.182515] audit: type=2000 audit(1709516536.481:1): state=initialized audit_enabled=0 res=1
2024-03-04T01:42:19.065013+00:00 jozette-VirtualBox kernel: [    0.182515] thermal_sys: Registered thermal governor 'fair_share'
2024-03-04T01:42:19.065013+00:00 jozette-VirtualBox kernel: [    0.182515] thermal_sys: Registered thermal governor 'bang_bang'
2024-03-04T01:42:19.065013+00:00 jozette-VirtualBox kernel: [    0.182515] thermal_sys: Registered thermal governor 'step_wise'
2024-03-04T01:42:19.065013+00:00 jozette-VirtualBox kernel: [    0.182515] thermal_sys: Registered thermal governor 'user_space'
2024-03-04T01:42:19.065014+00:00 jozette-VirtualBox kernel: [    0.182515] thermal_sys: Registered thermal governor 'power_allocator'
2024-03-04T01:42:19.065014+00:00 jozette-VirtualBox kernel: [    0.182515] EISA bus registered
2024-03-04T01:42:19.065014+00:00 jozette-VirtualBox kernel: [    0.182515] cpuidle: using governor ladder
2024-03-04T01:42:19.065015+00:00 jozette-VirtualBox kernel: [    0.182515] cpuidle: using governor menu
2024-03-04T01:42:19.065015+00:00 jozette-VirtualBox kernel: [    0.182515] acpiphp: ACPI Hot Plug PCI Controller Driver version: 0.5
2024-03-04T01:42:19.065015+00:00 jozette-VirtualBox kernel: [    0.182515] PCI: Using configuration type 1 for base access
2024-03-04T01:42:19.065015+00:00 jozette-VirtualBox kernel: [    0.182515] kprobes: kprobe jump-optimization is enabled. All kprobes are optimized if possible.
2024-03-04T01:42:19.065016+00:00 jozette-VirtualBox kernel: [    0.200672] HugeTLB: registered 2.00 MiB page size, pre-allocated 0 pages
2024-03-04T01:42:19.065016+00:00 jozette-VirtualBox kernel: [    0.200672] HugeTLB: 28 KiB vmemmap can be freed for a 2.00 MiB page
2024-03-04T01:42:19.065017+00:00 jozette-VirtualBox kernel: [    0.201653] ACPI: Added _OSI(Module Device)
2024-03-04T01:42:19.065017+00:00 jozette-VirtualBox kernel: [    0.201653] ACPI: Added _OSI(Processor Device)
2024-03-04T01:42:19.065017+00:00 jozette-VirtualBox kernel: [    0.201654] ACPI: Added _OSI(3.0 _SCP Extensions)
2024-03-04T01:42:19.065017+00:00 jozette-VirtualBox kernel: [    0.201655] ACPI: Added _OSI(Processor Aggregator Device)
2024-03-04T01:42:19.065017+00:00 jozette-VirtualBox kernel: [    0.202671] ACPI: 2 ACPI AML tables successfully acquired and loaded
2024-03-04T01:42:19.065018+00:00 jozette-VirtualBox kernel: [    0.203433] ACPI: Interpreter enabled
2024-03-04T01:42:19.065018+00:00 jozette-VirtualBox kernel: [    0.203440] ACPI: PM: (supports S0 S5)
2024-03-04T01:42:19.065019+00:00 jozette-VirtualBox kernel: [    0.203440] ACPI: Using IOAPIC for interrupt routing
2024-03-04T01:42:19.065019+00:00 jozette-VirtualBox kernel: [    0.203581] PCI: Using host bridge windows from ACPI; if necessary, use "pci=nocrs" and report a bug
2024-03-04T01:42:19.065019+00:00 jozette-VirtualBox kernel: [    0.203582] PCI: Using E820 reservations for host bridge windows
2024-03-04T01:42:19.065019+00:00 jozette-VirtualBox kernel: [    0.203633] ACPI: Enabled 2 GPEs in block 00 to 07
2024-03-04T01:42:19.065019+00:00 jozette-VirtualBox kernel: [    0.206374] ACPI: PCI Root Bridge [PCI0] (domain 0000 [bus 00-ff])
2024-03-04T01:42:19.065020+00:00 jozette-VirtualBox kernel: [    0.206377] acpi PNP0A03:00: _OSC: OS supports [ASPM ClockPM Segments MSI EDR HPX-Type3]
2024-03-04T01:42:19.065023+00:00 jozette-VirtualBox kernel: [    0.206379] acpi PNP0A03:00: _OSC: not requesting OS control; OS requires [ExtendedConfig ASPM ClockPM MSI]
2024-03-04T01:42:19.065023+00:00 jozette-VirtualBox kernel: [    0.206585] acpi PNP0A03:00: fail to add MMCONFIG information, can't access extended configuration space under this bridge
2024-03-04T01:42:19.065024+00:00 jozette-VirtualBox kernel: [    0.206780] PCI host bridge to bus 0000:00
2024-03-04T01:42:19.065024+00:00 jozette-VirtualBox kernel: [    0.206781] pci_bus 0000:00: root bus resource [io  0x0000-0x0cf7 window]
2024-03-04T01:42:19.065024+00:00 jozette-VirtualBox kernel: [    0.206783] pci_bus 0000:00: root bus resource [io  0x0d00-0xffff window]
2024-03-04T01:42:19.065024+00:00 jozette-VirtualBox kernel: [    0.206784] pci_bus 0000:00: root bus resource [mem 0x000a0000-0x000bffff window]
2024-03-04T01:42:19.065026+00:00 jozette-VirtualBox kernel: [    0.206785] pci_bus 0000:00: root bus resource [mem 0xe0000000-0xfdffffff window]
2024-03-04T01:42:19.065026+00:00 jozette-VirtualBox kernel: [    0.206786] pci_bus 0000:00: root bus resource [bus 00-ff]
2024-03-04T01:42:19.065026+00:00 jozette-VirtualBox kernel: [    0.206889] pci 0000:00:00.0: [8086:1237] type 00 class 0x060000
2024-03-04T01:42:19.065027+00:00 jozette-VirtualBox kernel: [    0.207154] pci 0000:00:01.0: [8086:7000] type 00 class 0x060100
2024-03-04T01:42:19.065027+00:00 jozette-VirtualBox kernel: [    0.207517] pci 0000:00:01.1: [8086:7111] type 00 class 0x01018a
2024-03-04T01:42:19.065027+00:00 jozette-VirtualBox kernel: [    0.207712] pci 0000:00:01.1: reg 0x20: [io  0xd000-0xd00f]
2024-03-04T01:42:19.065029+00:00 jozette-VirtualBox kernel: [    0.207794] pci 0000:00:01.1: legacy IDE quirk: reg 0x10: [io  0x01f0-0x01f7]
2024-03-04T01:42:19.065029+00:00 jozette-VirtualBox kernel: [    0.207796] pci 0000:00:01.1: legacy IDE quirk: reg 0x14: [io  0x03f6]
2024-03-04T01:42:19.065029+00:00 jozette-VirtualBox kernel: [    0.207796] pci 0000:00:01.1: legacy IDE quirk: reg 0x18: [io  0x0170-0x0177]
2024-03-04T01:42:19.065029+00:00 jozette-VirtualBox kernel: [    0.207797] pci 0000:00:01.1: legacy IDE quirk: reg 0x1c: [io  0x0376]
2024-03-04T01:42:19.065097+00:00 jozette-VirtualBox kernel: [    0.207886] pci 0000:00:02.0: [15ad:0405] type 00 class 0x030000
2024-03-04T01:42:19.065098+00:00 jozette-VirtualBox kernel: [    0.209713] pci 0000:00:02.0: reg 0x10: [io  0xd010-0xd01f]
2024-03-04T01:42:19.065100+00:00 jozette-VirtualBox kernel: [    0.211650] pci 0000:00:02.0: reg 0x14: [mem 0xe0000000-0xe0ffffff pref]
2024-03-04T01:42:19.065101+00:00 jozette-VirtualBox kernel: [    0.213089] pci 0000:00:02.0: reg 0x18: [mem 0xf0000000-0xf01fffff]
2024-03-04T01:42:19.065101+00:00 jozette-VirtualBox kernel: [    0.217816] pci 0000:00:02.0: Video device with shadowed ROM at [mem 0x000c0000-0x000dffff]
2024-03-04T01:42:19.065101+00:00 jozette-VirtualBox kernel: [    0.218034] pci 0000:00:03.0: [8086:100e] type 00 class 0x020000
2024-03-04T01:42:19.065102+00:00 jozette-VirtualBox kernel: [    0.219079] pci 0000:00:03.0: reg 0x10: [mem 0xf0200000-0xf021ffff]
2024-03-04T01:42:19.065102+00:00 jozette-VirtualBox kernel: [    0.221080] pci 0000:00:03.0: reg 0x18: [io  0xd020-0xd027]
2024-03-04T01:42:19.065102+00:00 jozette-VirtualBox kernel: [    0.225616] pci 0000:00:04.0: [80ee:cafe] type 00 class 0x088000
2024-03-04T01:42:19.065104+00:00 jozette-VirtualBox kernel: [    0.226568] pci 0000:00:04.0: reg 0x10: [io  0xd040-0xd05f]
2024-03-04T01:42:19.065104+00:00 jozette-VirtualBox kernel: [    0.227437] pci 0000:00:04.0: reg 0x14: [mem 0xf0400000-0xf07fffff]
2024-03-04T01:42:19.065104+00:00 jozette-VirtualBox kernel: [    0.228316] pci 0000:00:04.0: reg 0x18: [mem 0xf0800000-0xf0803fff pref]
2024-03-04T01:42:19.065105+00:00 jozette-VirtualBox kernel: [    0.231712] pci 0000:00:05.0: [8086:2415] type 00 class 0x040100
2024-03-04T01:42:19.065105+00:00 jozette-VirtualBox kernel: [    0.231785] pci 0000:00:05.0: reg 0x10: [io  0xd100-0xd1ff]
2024-03-04T01:42:19.065105+00:00 jozette-VirtualBox kernel: [    0.231820] pci 0000:00:05.0: reg 0x14: [io  0xd200-0xd23f]
2024-03-04T01:42:19.065107+00:00 jozette-VirtualBox kernel: [    0.232089] pci 0000:00:06.0: [106b:003f] type 00 class 0x0c0310
2024-03-04T01:42:19.065107+00:00 jozette-VirtualBox kernel: [    0.233071] pci 0000:00:06.0: reg 0x10: [mem 0xf0804000-0xf0804fff]
2024-03-04T01:42:19.065107+00:00 jozette-VirtualBox kernel: [    0.238844] pci 0000:00:07.0: [8086:7113] type 00 class 0x068000
2024-03-04T01:42:19.065107+00:00 jozette-VirtualBox kernel: [    0.239074] pci 0000:00:07.0: quirk: [io  0x4000-0x403f] claimed by PIIX4 ACPI
2024-03-04T01:42:19.065108+00:00 jozette-VirtualBox kernel: [    0.239081] pci 0000:00:07.0: quirk: [io  0x4100-0x410f] claimed by PIIX4 SMB
2024-03-04T01:42:19.065108+00:00 jozette-VirtualBox kernel: [    0.239230] pci 0000:00:08.0: [8086:100e] type 00 class 0x020000
2024-03-04T01:42:19.065108+00:00 jozette-VirtualBox kernel: [    0.240337] pci 0000:00:08.0: reg 0x10: [mem 0xf0820000-0xf083ffff]
2024-03-04T01:42:19.065110+00:00 jozette-VirtualBox kernel: [    0.241669] pci 0000:00:08.0: reg 0x18: [io  0xd240-0xd247]
2024-03-04T01:42:19.065110+00:00 jozette-VirtualBox kernel: [    0.246372] pci 0000:00:0b.0: [8086:265c] type 00 class 0x0c0320
2024-03-04T01:42:19.065110+00:00 jozette-VirtualBox kernel: [    0.247442] pci 0000:00:0b.0: reg 0x10: [mem 0xf0840000-0xf0840fff]
2024-03-04T01:42:19.065110+00:00 jozette-VirtualBox kernel: [    0.253649] pci 0000:00:0d.0: [8086:2829] type 00 class 0x010601
2024-03-04T01:42:19.065110+00:00 jozette-VirtualBox kernel: [    0.254772] pci 0000:00:0d.0: reg 0x10: [io  0xd248-0xd24f]
2024-03-04T01:42:19.065111+00:00 jozette-VirtualBox kernel: [    0.255765] pci 0000:00:0d.0: reg 0x14: [io  0xd250-0xd253]
2024-03-04T01:42:19.065112+00:00 jozette-VirtualBox kernel: [    0.256762] pci 0000:00:0d.0: reg 0x18: [io  0xd258-0xd25f]
2024-03-04T01:42:19.065113+00:00 jozette-VirtualBox kernel: [    0.257596] pci 0000:00:0d.0: reg 0x1c: [io  0xd260-0xd263]
2024-03-04T01:42:19.065113+00:00 jozette-VirtualBox kernel: [    0.257657] pci 0000:00:0d.0: reg 0x20: [io  0xd270-0xd27f]
2024-03-04T01:42:19.065113+00:00 jozette-VirtualBox kernel: [    0.258547] pci 0000:00:0d.0: reg 0x24: [mem 0xf0842000-0xf0843fff]
2024-03-04T01:42:19.065113+00:00 jozette-VirtualBox kernel: [    0.264180] ACPI: PCI: Interrupt link LNKA configured for IRQ 11
2024-03-04T01:42:19.065113+00:00 jozette-VirtualBox kernel: [    0.264314] ACPI: PCI: Interrupt link LNKB configured for IRQ 10
2024-03-04T01:42:19.065114+00:00 jozette-VirtualBox kernel: [    0.264361] ACPI: PCI: Interrupt link LNKC configured for IRQ 9
2024-03-04T01:42:19.065116+00:00 jozette-VirtualBox kernel: [    0.264407] ACPI: PCI: Interrupt link LNKD configured for IRQ 11
2024-03-04T01:42:19.065117+00:00 jozette-VirtualBox kernel: [    0.264594] iommu: Default domain type: Translated 
2024-03-04T01:42:19.065117+00:00 jozette-VirtualBox kernel: [    0.264594] iommu: DMA domain TLB invalidation policy: lazy mode 
2024-03-04T01:42:19.065117+00:00 jozette-VirtualBox kernel: [    0.264594] SCSI subsystem initialized
2024-03-04T01:42:19.065117+00:00 jozette-VirtualBox kernel: [    0.264594] libata version 3.00 loaded.
2024-03-04T01:42:19.065117+00:00 jozette-VirtualBox kernel: [    0.264594] ACPI: bus type USB registered
2024-03-04T01:42:19.065119+00:00 jozette-VirtualBox kernel: [    0.264594] usbcore: registered new interface driver usbfs
2024-03-04T01:42:19.065119+00:00 jozette-VirtualBox kernel: [    0.264594] usbcore: registered new interface driver hub
2024-03-04T01:42:19.065120+00:00 jozette-VirtualBox kernel: [    0.264594] usbcore: registered new device driver usb
2024-03-04T01:42:19.065120+00:00 jozette-VirtualBox kernel: [    0.264594] pps_core: LinuxPPS API ver. 1 registered
2024-03-04T01:42:19.065120+00:00 jozette-VirtualBox kernel: [    0.264594] pps_core: Software ver. 5.3.6 - Copyright 2005-2007 Rodolfo Giometti <giometti@linux.it>
2024-03-04T01:42:19.065120+00:00 jozette-VirtualBox kernel: [    0.264594] PTP clock support registered
2024-03-04T01:42:19.065122+00:00 jozette-VirtualBox kernel: [    0.264594] EDAC MC: Ver: 3.0.0
2024-03-04T01:42:19.065122+00:00 jozette-VirtualBox kernel: [    0.264594] NetLabel: Initializing
2024-03-04T01:42:19.065122+00:00 jozette-VirtualBox kernel: [    0.264594] NetLabel:  domain hash size = 128
2024-03-04T01:42:19.065122+00:00 jozette-VirtualBox kernel: [    0.264594] NetLabel:  protocols = UNLABELED CIPSOv4 CALIPSO
2024-03-04T01:42:19.065123+00:00 jozette-VirtualBox kernel: [    0.264594] NetLabel:  unlabeled traffic allowed by default
2024-03-04T01:42:19.065123+00:00 jozette-VirtualBox kernel: [    0.264594] mctp: management component transport protocol core
2024-03-04T01:42:19.065123+00:00 jozette-VirtualBox kernel: [    0.264594] NET: Registered PF_MCTP protocol family
2024-03-04T01:42:19.065125+00:00 jozette-VirtualBox kernel: [    0.264594] PCI: Using ACPI for IRQ routing
2024-03-04T01:42:19.065125+00:00 jozette-VirtualBox kernel: [    0.264594] PCI: pci_cache_line_size set to 64 bytes
2024-03-04T01:42:19.065125+00:00 jozette-VirtualBox kernel: [    0.264594] e820: reserve RAM buffer [mem 0x0009fc00-0x0009ffff]
2024-03-04T01:42:19.065125+00:00 jozette-VirtualBox kernel: [    0.264594] e820: reserve RAM buffer [mem 0xdfff0000-0xdfffffff]
2024-03-04T01:42:19.065125+00:00 jozette-VirtualBox kernel: [    0.264594] e820: reserve RAM buffer [mem 0x1a0800000-0x1a3ffffff]
2024-03-04T01:42:19.065126+00:00 jozette-VirtualBox kernel: [    0.264594] pci 0000:00:02.0: vgaarb: setting as boot VGA device
2024-03-04T01:42:19.065127+00:00 jozette-VirtualBox kernel: [    0.264594] pci 0000:00:02.0: vgaarb: bridge control possible
2024-03-04T01:42:19.065127+00:00 jozette-VirtualBox kernel: [    0.264594] pci 0000:00:02.0: vgaarb: VGA device added: decodes=io+mem,owns=io+mem,locks=none
2024-03-04T01:42:19.065128+00:00 jozette-VirtualBox kernel: [    0.264594] vgaarb: loaded
2024-03-04T01:42:19.065128+00:00 jozette-VirtualBox kernel: [    0.265612] clocksource: Switched to clocksource kvm-clock
2024-03-04T01:42:19.065128+00:00 jozette-VirtualBox kernel: [    0.273878] VFS: Disk quotas dquot_6.6.0
2024-03-04T01:42:19.065128+00:00 jozette-VirtualBox kernel: [    0.273887] VFS: Dquot-cache hash table entries: 512 (order 0, 4096 bytes)
2024-03-04T01:42:19.065130+00:00 jozette-VirtualBox kernel: [    0.274197] AppArmor: AppArmor Filesystem Enabled
2024-03-04T01:42:19.065130+00:00 jozette-VirtualBox kernel: [    0.274215] pnp: PnP ACPI init
2024-03-04T01:42:19.065130+00:00 jozette-VirtualBox kernel: [    0.274657] pnp: PnP ACPI: found 2 devices
2024-03-04T01:42:19.065130+00:00 jozette-VirtualBox kernel: [    0.281209] clocksource: acpi_pm: mask: 0xffffff max_cycles: 0xffffff, max_idle_ns: 2085701024 ns
2024-03-04T01:42:19.065131+00:00 jozette-VirtualBox kernel: [    0.281248] NET: Registered PF_INET protocol family
2024-03-04T01:42:19.065131+00:00 jozette-VirtualBox kernel: [    0.281321] IP idents hash table entries: 131072 (order: 8, 1048576 bytes, linear)
2024-03-04T01:42:19.065131+00:00 jozette-VirtualBox kernel: [    0.282437] tcp_listen_portaddr_hash hash table entries: 4096 (order: 4, 65536 bytes, linear)
2024-03-04T01:42:19.065133+00:00 jozette-VirtualBox kernel: [    0.282666] Table-perturb hash table entries: 65536 (order: 6, 262144 bytes, linear)
2024-03-04T01:42:19.065133+00:00 jozette-VirtualBox kernel: [    0.282704] TCP established hash table entries: 65536 (order: 7, 524288 bytes, linear)
2024-03-04T01:42:19.065133+00:00 jozette-VirtualBox kernel: [    0.283045] TCP bind hash table entries: 65536 (order: 9, 2097152 bytes, linear)
2024-03-04T01:42:19.065133+00:00 jozette-VirtualBox kernel: [    0.283121] TCP: Hash tables configured (established 65536 bind 65536)
2024-03-04T01:42:19.065134+00:00 jozette-VirtualBox kernel: [    0.283175] MPTCP token hash table entries: 8192 (order: 5, 196608 bytes, linear)
2024-03-04T01:42:19.065134+00:00 jozette-VirtualBox kernel: [    0.283190] UDP hash table entries: 4096 (order: 5, 131072 bytes, linear)
2024-03-04T01:42:19.065136+00:00 jozette-VirtualBox kernel: [    0.283201] UDP-Lite hash table entries: 4096 (order: 5, 131072 bytes, linear)
2024-03-04T01:42:19.065136+00:00 jozette-VirtualBox kernel: [    0.283220] NET: Registered PF_UNIX/PF_LOCAL protocol family
2024-03-04T01:42:19.065136+00:00 jozette-VirtualBox kernel: [    0.283226] NET: Registered PF_XDP protocol family
2024-03-04T01:42:19.065136+00:00 jozette-VirtualBox kernel: [    0.283234] pci_bus 0000:00: resource 4 [io  0x0000-0x0cf7 window]
2024-03-04T01:42:19.065136+00:00 jozette-VirtualBox kernel: [    0.283236] pci_bus 0000:00: resource 5 [io  0x0d00-0xffff window]
2024-03-04T01:42:19.065137+00:00 jozette-VirtualBox kernel: [    0.283237] pci_bus 0000:00: resource 6 [mem 0x000a0000-0x000bffff window]
2024-03-04T01:42:19.065137+00:00 jozette-VirtualBox kernel: [    0.283238] pci_bus 0000:00: resource 7 [mem 0xe0000000-0xfdffffff window]
2024-03-04T01:42:19.065138+00:00 jozette-VirtualBox kernel: [    0.283261] pci 0000:00:00.0: Limiting direct PCI/PCI transfers
2024-03-04T01:42:19.065139+00:00 jozette-VirtualBox kernel: [    0.284424] PCI: CLS 0 bytes, default 64
2024-03-04T01:42:19.065139+00:00 jozette-VirtualBox kernel: [    0.284460] Trying to unpack rootfs image as initramfs...
2024-03-04T01:42:19.065139+00:00 jozette-VirtualBox kernel: [    0.298055] PCI-DMA: Using software bounce buffering for IO (SWIOTLB)
2024-03-04T01:42:19.065139+00:00 jozette-VirtualBox kernel: [    0.298062] software IO TLB: mapped [mem 0x00000000dbff0000-0x00000000dfff0000] (64MB)
2024-03-04T01:42:19.065139+00:00 jozette-VirtualBox kernel: [    0.298093] clocksource: tsc: mask: 0xffffffffffffffff max_cycles: 0x1e717c37157, max_idle_ns: 440795284133 ns
2024-03-04T01:42:19.065141+00:00 jozette-VirtualBox kernel: [    0.298225] clocksource: Switched to clocksource tsc
2024-03-04T01:42:19.065141+00:00 jozette-VirtualBox kernel: [    0.298249] platform rtc_cmos: registered platform RTC device (no PNP device found)
2024-03-04T01:42:19.065142+00:00 jozette-VirtualBox kernel: [    0.298491] Initialise system trusted keyrings
2024-03-04T01:42:19.065142+00:00 jozette-VirtualBox kernel: [    0.298496] Key type blacklist registered
2024-03-04T01:42:19.065142+00:00 jozette-VirtualBox kernel: [    0.298526] workingset: timestamp_bits=36 max_order=21 bucket_order=0
2024-03-04T01:42:19.065142+00:00 jozette-VirtualBox kernel: [    0.298535] zbud: loaded
2024-03-04T01:42:19.065144+00:00 jozette-VirtualBox kernel: [    0.298749] squashfs: version 4.0 (2009/01/31) Phillip Lougher
2024-03-04T01:42:19.065144+00:00 jozette-VirtualBox kernel: [    0.298798] fuse: init (API version 7.38)
2024-03-04T01:42:19.065144+00:00 jozette-VirtualBox kernel: [    0.299183] integrity: Platform Keyring initialized
2024-03-04T01:42:19.065144+00:00 jozette-VirtualBox kernel: [    0.299184] integrity: Machine keyring initialized
2024-03-04T01:42:19.065145+00:00 jozette-VirtualBox kernel: [    0.303894] Key type asymmetric registered
2024-03-04T01:42:19.065145+00:00 jozette-VirtualBox kernel: [    0.303895] Asymmetric key parser 'x509' registered
2024-03-04T01:42:19.065145+00:00 jozette-VirtualBox kernel: [    0.303906] Block layer SCSI generic (bsg) driver version 0.4 loaded (major 243)
2024-03-04T01:42:19.065147+00:00 jozette-VirtualBox kernel: [    0.303930] io scheduler mq-deadline registered
2024-03-04T01:42:19.065147+00:00 jozette-VirtualBox kernel: [    0.304109] shpchp: Standard Hot Plug PCI Controller Driver version: 0.4
2024-03-04T01:42:19.065147+00:00 jozette-VirtualBox kernel: [    0.304223] ACPI: AC: AC Adapter [AC] (on-line)
2024-03-04T01:42:19.065147+00:00 jozette-VirtualBox kernel: [    0.304248] input: Power Button as /devices/LNXSYSTM:00/LNXPWRBN:00/input/input0
2024-03-04T01:42:19.065148+00:00 jozette-VirtualBox kernel: [    0.304267] ACPI: button: Power Button [PWRF]
2024-03-04T01:42:19.065148+00:00 jozette-VirtualBox kernel: [    0.304300] input: Sleep Button as /devices/LNXSYSTM:00/LNXSLPBN:00/input/input1
2024-03-04T01:42:19.065149+00:00 jozette-VirtualBox kernel: [    0.304308] ACPI: button: Sleep Button [SLPF]
2024-03-04T01:42:19.065150+00:00 jozette-VirtualBox kernel: [    0.304506] Serial: 8250/16550 driver, 32 ports, IRQ sharing enabled
2024-03-04T01:42:19.065150+00:00 jozette-VirtualBox kernel: [    0.307229] Linux agpgart interface v0.103
2024-03-04T01:42:19.065150+00:00 jozette-VirtualBox kernel: [    0.308704] loop: module loaded
2024-03-04T01:42:19.065150+00:00 jozette-VirtualBox kernel: [    0.308811] ata_piix 0000:00:01.1: version 2.13
2024-03-04T01:42:19.065150+00:00 jozette-VirtualBox kernel: [    0.309026] scsi host0: ata_piix
2024-03-04T01:42:19.065152+00:00 jozette-VirtualBox kernel: [    0.314125] scsi host1: ata_piix
2024-03-04T01:42:19.065152+00:00 jozette-VirtualBox kernel: [    0.314139] ata1: PATA max UDMA/33 cmd 0x1f0 ctl 0x3f6 bmdma 0xd000 irq 14
2024-03-04T01:42:19.065227+00:00 jozette-VirtualBox kernel: [    0.314140] ata2: PATA max UDMA/33 cmd 0x170 ctl 0x376 bmdma 0xd008 irq 15
2024-03-04T01:42:19.065228+00:00 jozette-VirtualBox kernel: [    0.314208] tun: Universal TUN/TAP device driver, 1.6
2024-03-04T01:42:19.065228+00:00 jozette-VirtualBox kernel: [    0.314362] PPP generic driver version 2.4.2
2024-03-04T01:42:19.065228+00:00 jozette-VirtualBox kernel: [    0.314741] ohci-pci 0000:00:06.0: OHCI PCI host controller
2024-03-04T01:42:19.065228+00:00 jozette-VirtualBox kernel: [    0.314745] ohci-pci 0000:00:06.0: new USB bus registered, assigned bus number 1
2024-03-04T01:42:19.065231+00:00 jozette-VirtualBox kernel: [    0.314789] ohci-pci 0000:00:06.0: irq 22, io mem 0xf0804000
2024-03-04T01:42:19.065231+00:00 jozette-VirtualBox kernel: [    0.374243] usb usb1: New USB device found, idVendor=1d6b, idProduct=0001, bcdDevice= 6.02
2024-03-04T01:42:19.065231+00:00 jozette-VirtualBox kernel: [    0.374247] usb usb1: New USB device strings: Mfr=3, Product=2, SerialNumber=1
2024-03-04T01:42:19.065231+00:00 jozette-VirtualBox kernel: [    0.374248] usb usb1: Product: OHCI PCI host controller
2024-03-04T01:42:19.065232+00:00 jozette-VirtualBox kernel: [    0.374249] usb usb1: Manufacturer: Linux 6.2.0-39-generic ohci_hcd
2024-03-04T01:42:19.065232+00:00 jozette-VirtualBox kernel: [    0.374250] usb usb1: SerialNumber: 0000:00:06.0
2024-03-04T01:42:19.065234+00:00 jozette-VirtualBox kernel: [    0.374433] hub 1-0:1.0: USB hub found
2024-03-04T01:42:19.065235+00:00 jozette-VirtualBox kernel: [    0.374443] hub 1-0:1.0: 12 ports detected
2024-03-04T01:42:19.065235+00:00 jozette-VirtualBox kernel: [    0.374696] i8042: PNP: PS/2 Controller [PNP0303:PS2K,PNP0f03:PS2M] at 0x60,0x64 irq 1,12
2024-03-04T01:42:19.065235+00:00 jozette-VirtualBox kernel: [    0.374941] ehci-pci 0000:00:0b.0: EHCI Host Controller
2024-03-04T01:42:19.065235+00:00 jozette-VirtualBox kernel: [    0.374945] ehci-pci 0000:00:0b.0: new USB bus registered, assigned bus number 2
2024-03-04T01:42:19.065235+00:00 jozette-VirtualBox kernel: [    0.375064] ehci-pci 0000:00:0b.0: irq 19, io mem 0xf0840000
2024-03-04T01:42:19.065235+00:00 jozette-VirtualBox kernel: [    0.375166] serio: i8042 KBD port at 0x60,0x64 irq 1
2024-03-04T01:42:19.065237+00:00 jozette-VirtualBox kernel: [    0.375169] serio: i8042 AUX port at 0x60,0x64 irq 12
2024-03-04T01:42:19.065238+00:00 jozette-VirtualBox kernel: [    0.375543] mousedev: PS/2 mouse device common for all mice
2024-03-04T01:42:19.065238+00:00 jozette-VirtualBox kernel: [    0.375898] input: AT Translated Set 2 keyboard as /devices/platform/i8042/serio0/input/input2
2024-03-04T01:42:19.065238+00:00 jozette-VirtualBox kernel: [    0.376194] rtc_cmos rtc_cmos: registered as rtc0
2024-03-04T01:42:19.065238+00:00 jozette-VirtualBox kernel: [    0.376215] rtc_cmos rtc_cmos: setting system clock to 2024-03-04T01:42:11 UTC (1709516531)
2024-03-04T01:42:19.065238+00:00 jozette-VirtualBox kernel: [    0.376259] rtc_cmos rtc_cmos: alarms up to one day, 114 bytes nvram
2024-03-04T01:42:19.065240+00:00 jozette-VirtualBox kernel: [    0.376263] i2c_dev: i2c /dev entries driver
2024-03-04T01:42:19.065240+00:00 jozette-VirtualBox kernel: [    0.376277] device-mapper: core: CONFIG_IMA_DISABLE_HTABLE is disabled. Duplicate IMA measurements will not be recorded in the IMA log.
2024-03-04T01:42:19.065241+00:00 jozette-VirtualBox kernel: [    0.376289] device-mapper: uevent: version 1.0.3
2024-03-04T01:42:19.065241+00:00 jozette-VirtualBox kernel: [    0.376398] device-mapper: ioctl: 4.47.0-ioctl (2022-07-28) initialised: dm-devel@redhat.com
2024-03-04T01:42:19.065241+00:00 jozette-VirtualBox kernel: [    0.376414] platform eisa.0: Probing EISA bus 0
2024-03-04T01:42:19.065241+00:00 jozette-VirtualBox kernel: [    0.376415] platform eisa.0: EISA: Cannot allocate resource for mainboard
2024-03-04T01:42:19.065243+00:00 jozette-VirtualBox kernel: [    0.376416] platform eisa.0: Cannot allocate resource for EISA slot 1
2024-03-04T01:42:19.065243+00:00 jozette-VirtualBox kernel: [    0.376417] platform eisa.0: Cannot allocate resource for EISA slot 2
2024-03-04T01:42:19.065243+00:00 jozette-VirtualBox kernel: [    0.376417] platform eisa.0: Cannot allocate resource for EISA slot 3
2024-03-04T01:42:19.065244+00:00 jozette-VirtualBox kernel: [    0.376418] platform eisa.0: Cannot allocate resource for EISA slot 4
2024-03-04T01:42:19.065244+00:00 jozette-VirtualBox kernel: [    0.376418] platform eisa.0: Cannot allocate resource for EISA slot 5
2024-03-04T01:42:19.065244+00:00 jozette-VirtualBox kernel: [    0.376419] platform eisa.0: Cannot allocate resource for EISA slot 6
2024-03-04T01:42:19.065246+00:00 jozette-VirtualBox kernel: [    0.376420] platform eisa.0: Cannot allocate resource for EISA slot 7
2024-03-04T01:42:19.065246+00:00 jozette-VirtualBox kernel: [    0.376420] platform eisa.0: Cannot allocate resource for EISA slot 8
2024-03-04T01:42:19.065246+00:00 jozette-VirtualBox kernel: [    0.376421] platform eisa.0: EISA: Detected 0 cards
2024-03-04T01:42:19.065246+00:00 jozette-VirtualBox kernel: [    0.376422] intel_pstate: CPU model not supported
2024-03-04T01:42:19.065247+00:00 jozette-VirtualBox kernel: [    0.376516] ledtrig-cpu: registered to indicate activity on CPUs
2024-03-04T01:42:19.065247+00:00 jozette-VirtualBox kernel: [    0.376561] drop_monitor: Initializing network drop monitor service
2024-03-04T01:42:19.065247+00:00 jozette-VirtualBox kernel: [    0.386161] NET: Registered PF_INET6 protocol family
2024-03-04T01:42:19.065280+00:00 jozette-VirtualBox kernel: [    0.390032] ehci-pci 0000:00:0b.0: USB 2.0 started, EHCI 1.00
2024-03-04T01:42:19.065281+00:00 jozette-VirtualBox kernel: [    0.390073] usb usb2: New USB device found, idVendor=1d6b, idProduct=0002, bcdDevice= 6.02
2024-03-04T01:42:19.065281+00:00 jozette-VirtualBox kernel: [    0.390075] usb usb2: New USB device strings: Mfr=3, Product=2, SerialNumber=1
2024-03-04T01:42:19.065281+00:00 jozette-VirtualBox kernel: [    0.390076] usb usb2: Product: EHCI Host Controller
2024-03-04T01:42:19.065282+00:00 jozette-VirtualBox kernel: [    0.390077] usb usb2: Manufacturer: Linux 6.2.0-39-generic ehci_hcd
2024-03-04T01:42:19.065282+00:00 jozette-VirtualBox kernel: [    0.390078] usb usb2: SerialNumber: 0000:00:0b.0
2024-03-04T01:42:19.065284+00:00 jozette-VirtualBox kernel: [    0.390176] hub 2-0:1.0: USB hub found
2024-03-04T01:42:19.065284+00:00 jozette-VirtualBox kernel: [    0.390179] hub 2-0:1.0: 12 ports detected
2024-03-04T01:42:19.065285+00:00 jozette-VirtualBox kernel: [    0.486481] ata2.00: ATAPI: VBOX CD-ROM, 1.0, max UDMA/133
2024-03-04T01:42:19.065285+00:00 jozette-VirtualBox kernel: [    0.490351] scsi 1:0:0:0: CD-ROM            VBOX     CD-ROM           1.0  PQ: 0 ANSI: 5
2024-03-04T01:42:19.065285+00:00 jozette-VirtualBox kernel: [    0.493148] Freeing initrd memory: 66804K
2024-03-04T01:42:19.065285+00:00 jozette-VirtualBox kernel: [    0.496817] Segment Routing with IPv6
2024-03-04T01:42:19.065285+00:00 jozette-VirtualBox kernel: [    0.496828] In-situ OAM (IOAM) with IPv6
2024-03-04T01:42:19.065287+00:00 jozette-VirtualBox kernel: [    0.496848] NET: Registered PF_PACKET protocol family
2024-03-04T01:42:19.065287+00:00 jozette-VirtualBox kernel: [    0.496939] Key type dns_resolver registered
2024-03-04T01:42:19.065288+00:00 jozette-VirtualBox kernel: [    0.497127] IPI shorthand broadcast: enabled
2024-03-04T01:42:19.065288+00:00 jozette-VirtualBox kernel: [    0.497831] sched_clock: Marking stable (491157578, 5938091)->(499908490, -2812821)
2024-03-04T01:42:19.065288+00:00 jozette-VirtualBox kernel: [    0.498095] registered taskstats version 1
2024-03-04T01:42:19.065288+00:00 jozette-VirtualBox kernel: [    0.498224] Loading compiled-in X.509 certificates
2024-03-04T01:42:19.065290+00:00 jozette-VirtualBox kernel: [    0.498510] Loaded X.509 cert 'Build time autogenerated kernel key: 6eddb12449a36413eb2a4fa19a0e4a40816a388f'
2024-03-04T01:42:19.065290+00:00 jozette-VirtualBox kernel: [    0.498735] Loaded X.509 cert 'Canonical Ltd. Live Patch Signing: 14df34d1a87cf37625abec039ef2bf521249b969'
2024-03-04T01:42:19.065291+00:00 jozette-VirtualBox kernel: [    0.498956] Loaded X.509 cert 'Canonical Ltd. Kernel Module Signing: 88f752e560a1e0737e31163a466ad7b70a850c19'
2024-03-04T01:42:19.065291+00:00 jozette-VirtualBox kernel: [    0.498957] blacklist: Loading compiled-in revocation X.509 certificates
2024-03-04T01:42:19.065291+00:00 jozette-VirtualBox kernel: [    0.498967] Loaded X.509 cert 'Canonical Ltd. Secure Boot Signing: 61482aa2830d0ab2ad5af10b7250da9033ddcef0'
2024-03-04T01:42:19.065291+00:00 jozette-VirtualBox kernel: [    0.498974] Loaded X.509 cert 'Canonical Ltd. Secure Boot Signing (2017): 242ade75ac4a15e50d50c84b0d45ff3eae707a03'
2024-03-04T01:42:19.065293+00:00 jozette-VirtualBox kernel: [    0.498981] Loaded X.509 cert 'Canonical Ltd. Secure Boot Signing (ESM 2018): 365188c1d374d6b07c3c8f240f8ef722433d6a8b'
2024-03-04T01:42:19.065293+00:00 jozette-VirtualBox kernel: [    0.498988] Loaded X.509 cert 'Canonical Ltd. Secure Boot Signing (2019): c0746fd6c5da3ae827864651ad66ae47fe24b3e8'
